2025-05-30 13:47:20,680 - INFO - Using device: cpu
2025-05-30 13:47:20,743 - INFO - 数据加载成功
2025-05-30 13:47:20,748 - INFO - BirdsVariety 标准化前: ['Cobb', 'SZ901Plus', 'SZ901PLUS', 'SZ901/\nSZ901PLUS', 'SZ901', 'SZ901Plus/SZ901', 'Cobb500', 'SZ901plus', 'SZ901\nSZ901plus', 'SZ901 PIUS', 'SZ901\nSZ901Plus', 'Cobb 500', '901.0', 'SZ901/901plus', '901plus', 'CObb', 'cobb', 'SZ901 Plus', 'SZ901 PLUS', '901Plus']
2025-05-30 13:47:20,750 - INFO - BirdsVariety 标准化后: ['Cobb', 'SZ901 Plus']
2025-05-30 13:47:20,751 - INFO - BirdsVariety 编码: {'Cobb': 0, 'SZ901 Plus': 1}
2025-05-30 13:47:20,752 - INFO - FarmSupervisor 编码: {'丁家宝': 0, '余涛': 1, '公赔河': 2, '刘乾乾': 3, '史成志': 4, '姚闯': 5, '张换吉': 6, '张明明': 7, '张玉风': 8, '戈兆康': 9, '李明': 10, '李芳昌': 11, '李荣': 12, '李豪': 13, '杨健健': 14, '杨文杰': 15, '王勇': 16, '王志远': 17, '罗冲': 18, '薄明龙': 19, '陈智': 20, '陈铁楠': 21, '高阳阳': 22}
2025-05-30 13:47:20,784 - INFO - 训练集大小: 323, 批次数量: 6
2025-05-30 13:47:20,785 - INFO - 验证集大小: 81, 批次数量: 2
2025-05-30 13:47:20,889 - INFO - 使用 TransformerWithPostFusion 模型, hidden_dim=128, nhead=8, num_layers=3
2025-05-30 13:47:24,522 - INFO - Epoch 1/200 | Train Loss: 1.222505 | Val Loss: 1.105097 | Train R2: -3.7450 | Val R2: -0.3647 | Best Val R2: -0.3647
2025-05-30 13:47:25,300 - INFO - Epoch 2/200 | Train Loss: 0.414318 | Val Loss: 1.143378 | Train R2: -0.6497 | Val R2: -0.6738 | Best Val R2: -0.3647
2025-05-30 13:47:26,167 - INFO - Epoch 3/200 | Train Loss: 0.378768 | Val Loss: 1.029023 | Train R2: -0.8037 | Val R2: -0.4397 | Best Val R2: -0.3647
2025-05-30 13:47:27,072 - INFO - Epoch 4/200 | Train Loss: 0.358160 | Val Loss: 0.900709 | Train R2: -0.6260 | Val R2: -0.2377 | Best Val R2: -0.2377
2025-05-30 13:47:27,791 - INFO - Epoch 5/200 | Train Loss: 0.323906 | Val Loss: 1.017288 | Train R2: -0.3751 | Val R2: -0.2968 | Best Val R2: -0.2377
2025-05-30 13:47:28,318 - INFO - Epoch 6/200 | Train Loss: 0.322639 | Val Loss: 0.918624 | Train R2: -0.4595 | Val R2: -0.1456 | Best Val R2: -0.1456
2025-05-30 13:47:29,223 - INFO - Epoch 7/200 | Train Loss: 0.307565 | Val Loss: 0.852137 | Train R2: -0.2509 | Val R2: -0.0535 | Best Val R2: -0.0535
2025-05-30 13:47:29,890 - INFO - Epoch 8/200 | Train Loss: 0.306060 | Val Loss: 0.846239 | Train R2: -0.1734 | Val R2: -0.0424 | Best Val R2: -0.0424
2025-05-30 13:47:30,572 - INFO - Epoch 9/200 | Train Loss: 0.307642 | Val Loss: 0.845532 | Train R2: -0.2417 | Val R2: -0.0417 | Best Val R2: -0.0417
2025-05-30 13:47:31,260 - INFO - Epoch 10/200 | Train Loss: 0.304934 | Val Loss: 0.844723 | Train R2: -0.2724 | Val R2: -0.0415 | Best Val R2: -0.0415
2025-05-30 13:47:32,089 - INFO - Epoch 11/200 | Train Loss: 0.306006 | Val Loss: 0.839141 | Train R2: -0.2293 | Val R2: -0.0730 | Best Val R2: -0.0415
2025-05-30 13:47:32,805 - INFO - Epoch 12/200 | Train Loss: 0.303124 | Val Loss: 0.849440 | Train R2: -0.2212 | Val R2: -0.1376 | Best Val R2: -0.0415
2025-05-30 13:47:33,230 - INFO - Epoch 13/200 | Train Loss: 0.289083 | Val Loss: 0.859118 | Train R2: -0.1890 | Val R2: -0.1538 | Best Val R2: -0.0415
2025-05-30 13:47:33,742 - INFO - Epoch 14/200 | Train Loss: 0.289515 | Val Loss: 0.838469 | Train R2: -0.2026 | Val R2: -0.0946 | Best Val R2: -0.0415
2025-05-30 13:47:34,245 - INFO - Epoch 15/200 | Train Loss: 0.289622 | Val Loss: 0.827709 | Train R2: -0.3079 | Val R2: -0.0390 | Best Val R2: -0.0390
2025-05-30 13:47:34,699 - INFO - Epoch 16/200 | Train Loss: 0.282175 | Val Loss: 0.843835 | Train R2: -0.1637 | Val R2: -0.0332 | Best Val R2: -0.0332
2025-05-30 13:47:35,188 - INFO - Epoch 17/200 | Train Loss: 0.285491 | Val Loss: 0.848591 | Train R2: -0.1611 | Val R2: -0.0269 | Best Val R2: -0.0269
2025-05-30 13:47:35,846 - INFO - Epoch 18/200 | Train Loss: 0.291095 | Val Loss: 0.841038 | Train R2: -0.2290 | Val R2: -0.0167 | Best Val R2: -0.0167
2025-05-30 13:47:36,858 - INFO - Epoch 19/200 | Train Loss: 0.287982 | Val Loss: 0.835237 | Train R2: -0.1329 | Val R2: -0.0113 | Best Val R2: -0.0113
2025-05-30 13:47:37,658 - INFO - Epoch 20/200 | Train Loss: 0.290409 | Val Loss: 0.833466 | Train R2: -0.1586 | Val R2: -0.0099 | Best Val R2: -0.0099
2025-05-30 13:47:38,165 - INFO - Epoch 21/200 | Train Loss: 0.287543 | Val Loss: 0.884814 | Train R2: -0.1597 | Val R2: -0.0738 | Best Val R2: -0.0099
2025-05-30 13:47:38,694 - INFO - Epoch 22/200 | Train Loss: 0.292384 | Val Loss: 1.103041 | Train R2: -0.1426 | Val R2: -0.3584 | Best Val R2: -0.0099
2025-05-30 13:47:39,335 - INFO - Epoch 23/200 | Train Loss: 0.320134 | Val Loss: 1.091013 | Train R2: -0.3188 | Val R2: -0.3738 | Best Val R2: -0.0099
2025-05-30 13:47:40,047 - INFO - Epoch 24/200 | Train Loss: 0.312056 | Val Loss: 0.970820 | Train R2: -0.2370 | Val R2: -0.2466 | Best Val R2: -0.0099
2025-05-30 13:47:40,620 - INFO - Epoch 25/200 | Train Loss: 0.288049 | Val Loss: 0.890017 | Train R2: -0.1600 | Val R2: -0.1540 | Best Val R2: -0.0099
2025-05-30 13:47:41,112 - INFO - Epoch 26/200 | Train Loss: 0.281834 | Val Loss: 0.849304 | Train R2: -0.1382 | Val R2: -0.1012 | Best Val R2: -0.0099
2025-05-30 13:47:41,619 - INFO - Epoch 27/200 | Train Loss: 0.275055 | Val Loss: 0.829909 | Train R2: -0.0792 | Val R2: -0.0649 | Best Val R2: -0.0099
2025-05-30 13:47:42,727 - INFO - Epoch 28/200 | Train Loss: 0.272818 | Val Loss: 0.825834 | Train R2: -0.0757 | Val R2: -0.0504 | Best Val R2: -0.0099
2025-05-30 13:47:43,850 - INFO - Epoch 29/200 | Train Loss: 0.271210 | Val Loss: 0.824313 | Train R2: -0.1583 | Val R2: -0.0448 | Best Val R2: -0.0099
2025-05-30 13:47:44,698 - INFO - Epoch 30/200 | Train Loss: 0.274880 | Val Loss: 0.823910 | Train R2: -0.1940 | Val R2: -0.0434 | Best Val R2: -0.0099
2025-05-30 13:47:45,274 - INFO - Epoch 31/200 | Train Loss: 0.271200 | Val Loss: 0.819339 | Train R2: -0.0936 | Val R2: -0.0160 | Best Val R2: -0.0099
2025-05-30 13:47:45,728 - INFO - Epoch 32/200 | Train Loss: 0.270868 | Val Loss: 0.840788 | Train R2: -0.1443 | Val R2: -0.0122 | Best Val R2: -0.0099
2025-05-30 13:47:46,352 - INFO - Epoch 33/200 | Train Loss: 0.269698 | Val Loss: 0.860237 | Train R2: -0.0452 | Val R2: -0.0233 | Best Val R2: -0.0099
2025-05-30 13:47:46,959 - INFO - Epoch 34/200 | Train Loss: 0.271887 | Val Loss: 0.848360 | Train R2: -0.0579 | Val R2: -0.0124 | Best Val R2: -0.0099
2025-05-30 13:47:47,464 - INFO - Epoch 35/200 | Train Loss: 0.269032 | Val Loss: 0.823459 | Train R2: -0.0030 | Val R2: 0.0025 | Best Val R2: 0.0025
2025-05-30 13:47:48,423 - INFO - Epoch 36/200 | Train Loss: 0.264480 | Val Loss: 0.813910 | Train R2: -0.0020 | Val R2: -0.0004 | Best Val R2: 0.0025
2025-05-30 13:47:49,040 - INFO - Epoch 37/200 | Train Loss: 0.262260 | Val Loss: 0.815258 | Train R2: -0.0460 | Val R2: -0.0080 | Best Val R2: 0.0025
2025-05-30 13:47:49,489 - INFO - Epoch 38/200 | Train Loss: 0.268245 | Val Loss: 0.816518 | Train R2: -0.0430 | Val R2: -0.0133 | Best Val R2: 0.0025
2025-05-30 13:47:50,272 - INFO - Epoch 39/200 | Train Loss: 0.265654 | Val Loss: 0.816350 | Train R2: -0.0944 | Val R2: -0.0144 | Best Val R2: 0.0025
2025-05-30 13:47:51,081 - INFO - Epoch 40/200 | Train Loss: 0.264152 | Val Loss: 0.816236 | Train R2: -0.0214 | Val R2: -0.0143 | Best Val R2: 0.0025
2025-05-30 13:47:52,103 - INFO - Epoch 41/200 | Train Loss: 0.264660 | Val Loss: 0.814012 | Train R2: -0.0523 | Val R2: -0.0139 | Best Val R2: 0.0025
2025-05-30 13:47:53,493 - INFO - Epoch 42/200 | Train Loss: 0.261932 | Val Loss: 0.819465 | Train R2: -0.0733 | Val R2: -0.0204 | Best Val R2: 0.0025
2025-05-30 13:47:54,649 - INFO - Epoch 43/200 | Train Loss: 0.263001 | Val Loss: 0.826438 | Train R2: -0.0447 | Val R2: -0.0264 | Best Val R2: 0.0025
2025-05-30 13:47:55,085 - INFO - Epoch 44/200 | Train Loss: 0.263657 | Val Loss: 0.819671 | Train R2: -0.0678 | Val R2: -0.0132 | Best Val R2: 0.0025
2025-05-30 13:47:55,484 - INFO - Epoch 45/200 | Train Loss: 0.260212 | Val Loss: 0.814804 | Train R2: -0.0135 | Val R2: 0.0006 | Best Val R2: 0.0025
2025-05-30 13:47:56,141 - INFO - Epoch 46/200 | Train Loss: 0.262334 | Val Loss: 0.814158 | Train R2: 0.0116 | Val R2: 0.0037 | Best Val R2: 0.0037
2025-05-30 13:47:56,781 - INFO - Epoch 47/200 | Train Loss: 0.260511 | Val Loss: 0.813889 | Train R2: -0.0505 | Val R2: 0.0043 | Best Val R2: 0.0043
2025-05-30 13:47:57,503 - INFO - Epoch 48/200 | Train Loss: 0.262038 | Val Loss: 0.814116 | Train R2: -0.0086 | Val R2: 0.0049 | Best Val R2: 0.0049
2025-05-30 13:47:58,069 - INFO - Epoch 49/200 | Train Loss: 0.261095 | Val Loss: 0.814234 | Train R2: -0.0035 | Val R2: 0.0041 | Best Val R2: 0.0049
2025-05-30 13:47:58,532 - INFO - Epoch 50/200 | Train Loss: 0.259739 | Val Loss: 0.814242 | Train R2: -0.0327 | Val R2: 0.0037 | Best Val R2: 0.0049
2025-05-30 13:47:59,299 - INFO - Epoch 51/200 | Train Loss: 0.260843 | Val Loss: 0.813691 | Train R2: -0.0480 | Val R2: -0.0003 | Best Val R2: 0.0049
2025-05-30 13:48:00,128 - INFO - Epoch 52/200 | Train Loss: 0.258709 | Val Loss: 0.817298 | Train R2: 0.0032 | Val R2: -0.0134 | Best Val R2: 0.0049
2025-05-30 13:48:01,572 - INFO - Epoch 53/200 | Train Loss: 0.258142 | Val Loss: 0.822180 | Train R2: -0.0497 | Val R2: -0.0172 | Best Val R2: 0.0049
2025-05-30 13:48:02,413 - INFO - Epoch 54/200 | Train Loss: 0.259375 | Val Loss: 0.822603 | Train R2: -0.0263 | Val R2: -0.0152 | Best Val R2: 0.0049
2025-05-30 13:48:03,061 - INFO - Epoch 55/200 | Train Loss: 0.259098 | Val Loss: 0.817781 | Train R2: 0.0011 | Val R2: -0.0120 | Best Val R2: 0.0049
2025-05-30 13:48:03,507 - INFO - Epoch 56/200 | Train Loss: 0.256714 | Val Loss: 0.813793 | Train R2: -0.0124 | Val R2: -0.0091 | Best Val R2: 0.0049
2025-05-30 13:48:03,948 - INFO - Epoch 57/200 | Train Loss: 0.258554 | Val Loss: 0.812055 | Train R2: -0.0101 | Val R2: -0.0077 | Best Val R2: 0.0049
2025-05-30 13:48:04,469 - INFO - Epoch 58/200 | Train Loss: 0.256942 | Val Loss: 0.811650 | Train R2: -0.0014 | Val R2: -0.0077 | Best Val R2: 0.0049
2025-05-30 13:48:04,968 - INFO - Epoch 59/200 | Train Loss: 0.258392 | Val Loss: 0.811538 | Train R2: -0.0320 | Val R2: -0.0069 | Best Val R2: 0.0049
2025-05-30 13:48:05,493 - INFO - Epoch 60/200 | Train Loss: 0.259273 | Val Loss: 0.811522 | Train R2: -0.0110 | Val R2: -0.0067 | Best Val R2: 0.0049
2025-05-30 13:48:05,978 - INFO - Epoch 61/200 | Train Loss: 0.258259 | Val Loss: 0.813558 | Train R2: -0.0468 | Val R2: -0.0084 | Best Val R2: 0.0049
2025-05-30 13:48:06,507 - INFO - Epoch 62/200 | Train Loss: 0.259121 | Val Loss: 0.829310 | Train R2: -0.0252 | Val R2: -0.0252 | Best Val R2: 0.0049
2025-05-30 13:48:07,002 - INFO - Epoch 63/200 | Train Loss: 0.258426 | Val Loss: 0.847102 | Train R2: -0.0422 | Val R2: -0.0414 | Best Val R2: 0.0049
2025-05-30 13:48:07,427 - INFO - Epoch 64/200 | Train Loss: 0.256792 | Val Loss: 0.849121 | Train R2: -0.0272 | Val R2: -0.0344 | Best Val R2: 0.0049
2025-05-30 13:48:07,808 - INFO - Epoch 65/200 | Train Loss: 0.261121 | Val Loss: 0.848261 | Train R2: -0.0383 | Val R2: -0.0233 | Best Val R2: 0.0049
2025-05-30 13:48:08,192 - INFO - Epoch 66/200 | Train Loss: 0.259337 | Val Loss: 0.843488 | Train R2: 0.0034 | Val R2: -0.0112 | Best Val R2: 0.0049
2025-05-30 13:48:08,561 - INFO - Epoch 67/200 | Train Loss: 0.259665 | Val Loss: 0.838130 | Train R2: -0.0252 | Val R2: -0.0017 | Best Val R2: 0.0049
2025-05-30 13:48:08,934 - INFO - Epoch 68/200 | Train Loss: 0.258215 | Val Loss: 0.833759 | Train R2: -0.0033 | Val R2: 0.0048 | Best Val R2: 0.0049
2025-05-30 13:48:09,375 - INFO - Epoch 69/200 | Train Loss: 0.258022 | Val Loss: 0.831460 | Train R2: 0.0061 | Val R2: 0.0079 | Best Val R2: 0.0079
2025-05-30 13:48:10,307 - INFO - Epoch 70/200 | Train Loss: 0.256124 | Val Loss: 0.830780 | Train R2: 0.0121 | Val R2: 0.0089 | Best Val R2: 0.0089
2025-05-30 13:48:11,162 - INFO - Epoch 71/200 | Train Loss: 0.257646 | Val Loss: 0.815751 | Train R2: 0.0140 | Val R2: 0.0288 | Best Val R2: 0.0288
2025-05-30 13:48:11,999 - INFO - Epoch 72/200 | Train Loss: 0.257895 | Val Loss: 0.818186 | Train R2: -0.0156 | Val R2: 0.0152 | Best Val R2: 0.0288
2025-05-30 13:48:12,628 - INFO - Epoch 73/200 | Train Loss: 0.261105 | Val Loss: 0.823604 | Train R2: -0.0536 | Val R2: -0.0008 | Best Val R2: 0.0288
2025-05-30 13:48:13,330 - INFO - Epoch 74/200 | Train Loss: 0.264522 | Val Loss: 0.826476 | Train R2: -0.0306 | Val R2: -0.0082 | Best Val R2: 0.0288
2025-05-30 13:48:14,166 - INFO - Epoch 75/200 | Train Loss: 0.264692 | Val Loss: 0.823704 | Train R2: -0.0491 | Val R2: -0.0096 | Best Val R2: 0.0288
2025-05-30 13:48:14,993 - INFO - Epoch 76/200 | Train Loss: 0.263230 | Val Loss: 0.818305 | Train R2: -0.0515 | Val R2: -0.0080 | Best Val R2: 0.0288
2025-05-30 13:48:15,798 - INFO - Epoch 77/200 | Train Loss: 0.262582 | Val Loss: 0.814443 | Train R2: -0.0514 | Val R2: -0.0056 | Best Val R2: 0.0288
2025-05-30 13:48:16,730 - INFO - Epoch 78/200 | Train Loss: 0.259953 | Val Loss: 0.812842 | Train R2: -0.0461 | Val R2: -0.0049 | Best Val R2: 0.0288
2025-05-30 13:48:17,556 - INFO - Epoch 79/200 | Train Loss: 0.258981 | Val Loss: 0.812601 | Train R2: -0.0494 | Val R2: -0.0054 | Best Val R2: 0.0288
2025-05-30 13:48:18,608 - INFO - Epoch 80/200 | Train Loss: 0.256886 | Val Loss: 0.812606 | Train R2: -0.0119 | Val R2: -0.0056 | Best Val R2: 0.0288
2025-05-30 13:48:19,701 - INFO - Epoch 81/200 | Train Loss: 0.257638 | Val Loss: 0.823647 | Train R2: -0.0219 | Val R2: -0.0258 | Best Val R2: 0.0288
2025-05-30 13:48:20,402 - INFO - Epoch 82/200 | Train Loss: 0.256241 | Val Loss: 0.873711 | Train R2: -0.0419 | Val R2: -0.0905 | Best Val R2: 0.0288
2025-05-30 13:48:20,924 - INFO - Epoch 83/200 | Train Loss: 0.263003 | Val Loss: 0.911182 | Train R2: -0.0523 | Val R2: -0.1369 | Best Val R2: 0.0288
2025-05-30 13:48:21,562 - INFO - Epoch 84/200 | Train Loss: 0.270774 | Val Loss: 0.911306 | Train R2: -0.0525 | Val R2: -0.1367 | Best Val R2: 0.0288
2025-05-30 13:48:22,166 - INFO - Epoch 85/200 | Train Loss: 0.268971 | Val Loss: 0.890494 | Train R2: -0.0754 | Val R2: -0.1097 | Best Val R2: 0.0288
2025-05-30 13:48:22,729 - INFO - Epoch 86/200 | Train Loss: 0.264093 | Val Loss: 0.872436 | Train R2: -0.0246 | Val R2: -0.0870 | Best Val R2: 0.0288
2025-05-30 13:48:23,301 - INFO - Epoch 87/200 | Train Loss: 0.261062 | Val Loss: 0.859655 | Train R2: -0.0307 | Val R2: -0.0695 | Best Val R2: 0.0288
2025-05-30 13:48:24,102 - INFO - Epoch 88/200 | Train Loss: 0.257594 | Val Loss: 0.851386 | Train R2: -0.0208 | Val R2: -0.0570 | Best Val R2: 0.0288
2025-05-30 13:48:25,248 - INFO - Epoch 89/200 | Train Loss: 0.259026 | Val Loss: 0.848105 | Train R2: -0.0372 | Val R2: -0.0516 | Best Val R2: 0.0288
2025-05-30 13:48:26,349 - INFO - Epoch 90/200 | Train Loss: 0.257438 | Val Loss: 0.847247 | Train R2: 0.0033 | Val R2: -0.0502 | Best Val R2: 0.0288
2025-05-30 13:48:26,961 - INFO - Epoch 91/200 | Train Loss: 0.257716 | Val Loss: 0.827193 | Train R2: 0.0029 | Val R2: -0.0144 | Best Val R2: 0.0288
2025-05-30 13:48:27,481 - INFO - Epoch 92/200 | Train Loss: 0.254371 | Val Loss: 0.814120 | Train R2: 0.0020 | Val R2: 0.0219 | Best Val R2: 0.0288
2025-05-30 13:48:27,984 - INFO - Epoch 93/200 | Train Loss: 0.255766 | Val Loss: 0.815239 | Train R2: 0.0096 | Val R2: 0.0326 | Best Val R2: 0.0326
2025-05-30 13:48:28,495 - INFO - Epoch 94/200 | Train Loss: 0.259217 | Val Loss: 0.816028 | Train R2: -0.0096 | Val R2: 0.0347 | Best Val R2: 0.0347
2025-05-30 13:48:29,016 - INFO - Epoch 95/200 | Train Loss: 0.257594 | Val Loss: 0.814646 | Train R2: -0.0033 | Val R2: 0.0324 | Best Val R2: 0.0347
2025-05-30 13:48:29,802 - INFO - Epoch 96/200 | Train Loss: 0.257053 | Val Loss: 0.813194 | Train R2: -0.0210 | Val R2: 0.0263 | Best Val R2: 0.0347
2025-05-30 13:48:30,472 - INFO - Epoch 97/200 | Train Loss: 0.256123 | Val Loss: 0.813297 | Train R2: -0.0317 | Val R2: 0.0180 | Best Val R2: 0.0347
2025-05-30 13:48:30,966 - INFO - Epoch 98/200 | Train Loss: 0.255975 | Val Loss: 0.814049 | Train R2: 0.0093 | Val R2: 0.0130 | Best Val R2: 0.0347
2025-05-30 13:48:31,518 - INFO - Epoch 99/200 | Train Loss: 0.254840 | Val Loss: 0.814455 | Train R2: 0.0421 | Val R2: 0.0108 | Best Val R2: 0.0347
2025-05-30 13:48:32,074 - INFO - Epoch 100/200 | Train Loss: 0.255914 | Val Loss: 0.814554 | Train R2: 0.0159 | Val R2: 0.0103 | Best Val R2: 0.0347
2025-05-30 13:48:32,584 - INFO - Epoch 101/200 | Train Loss: 0.254135 | Val Loss: 0.816421 | Train R2: -0.0226 | Val R2: 0.0037 | Best Val R2: 0.0347
2025-05-30 13:48:32,986 - INFO - Epoch 102/200 | Train Loss: 0.255488 | Val Loss: 0.823179 | Train R2: 0.0036 | Val R2: -0.0113 | Best Val R2: 0.0347
2025-05-30 13:48:33,355 - INFO - Epoch 103/200 | Train Loss: 0.254345 | Val Loss: 0.824126 | Train R2: -0.0008 | Val R2: -0.0114 | Best Val R2: 0.0347
2025-05-30 13:48:33,739 - INFO - Epoch 104/200 | Train Loss: 0.253767 | Val Loss: 0.824242 | Train R2: 0.0212 | Val R2: -0.0085 | Best Val R2: 0.0347
2025-05-30 13:48:34,126 - INFO - Epoch 105/200 | Train Loss: 0.253135 | Val Loss: 0.826048 | Train R2: -0.0026 | Val R2: -0.0078 | Best Val R2: 0.0347
2025-05-30 13:48:34,505 - INFO - Epoch 106/200 | Train Loss: 0.254791 | Val Loss: 0.828233 | Train R2: 0.0346 | Val R2: -0.0095 | Best Val R2: 0.0347
2025-05-30 13:48:35,182 - INFO - Epoch 107/200 | Train Loss: 0.254519 | Val Loss: 0.828795 | Train R2: 0.0241 | Val R2: -0.0092 | Best Val R2: 0.0347
2025-05-30 13:48:35,982 - INFO - Epoch 108/200 | Train Loss: 0.254618 | Val Loss: 0.828924 | Train R2: 0.0175 | Val R2: -0.0088 | Best Val R2: 0.0347
2025-05-30 13:48:36,779 - INFO - Epoch 109/200 | Train Loss: 0.254254 | Val Loss: 0.828366 | Train R2: -0.0197 | Val R2: -0.0082 | Best Val R2: 0.0347
2025-05-30 13:48:37,474 - INFO - Epoch 110/200 | Train Loss: 0.254806 | Val Loss: 0.828196 | Train R2: 0.0147 | Val R2: -0.0080 | Best Val R2: 0.0347
2025-05-30 13:48:38,148 - INFO - Epoch 111/200 | Train Loss: 0.253786 | Val Loss: 0.819126 | Train R2: 0.0166 | Val R2: -0.0002 | Best Val R2: 0.0347
2025-05-30 13:48:38,612 - INFO - Epoch 112/200 | Train Loss: 0.253133 | Val Loss: 0.813598 | Train R2: 0.0036 | Val R2: -0.0013 | Best Val R2: 0.0347
2025-05-30 13:48:39,073 - INFO - Epoch 113/200 | Train Loss: 0.254704 | Val Loss: 0.813534 | Train R2: -0.0175 | Val R2: -0.0085 | Best Val R2: 0.0347
2025-05-30 13:48:39,523 - INFO - Epoch 114/200 | Train Loss: 0.255510 | Val Loss: 0.815487 | Train R2: 0.0146 | Val R2: -0.0179 | Best Val R2: 0.0347
2025-05-30 13:48:40,098 - INFO - Epoch 115/200 | Train Loss: 0.254567 | Val Loss: 0.819238 | Train R2: -0.0234 | Val R2: -0.0271 | Best Val R2: 0.0347
2025-05-30 13:48:40,573 - INFO - Epoch 116/200 | Train Loss: 0.254826 | Val Loss: 0.821901 | Train R2: -0.0169 | Val R2: -0.0310 | Best Val R2: 0.0347
2025-05-30 13:48:41,064 - INFO - Epoch 117/200 | Train Loss: 0.253835 | Val Loss: 0.823125 | Train R2: -0.0082 | Val R2: -0.0316 | Best Val R2: 0.0347
2025-05-30 13:48:41,739 - INFO - Epoch 118/200 | Train Loss: 0.254193 | Val Loss: 0.823555 | Train R2: -0.0092 | Val R2: -0.0310 | Best Val R2: 0.0347
2025-05-30 13:48:42,502 - INFO - Epoch 119/200 | Train Loss: 0.254212 | Val Loss: 0.823835 | Train R2: 0.0091 | Val R2: -0.0309 | Best Val R2: 0.0347
2025-05-30 13:48:43,086 - INFO - Epoch 120/200 | Train Loss: 0.253839 | Val Loss: 0.823881 | Train R2: -0.0218 | Val R2: -0.0308 | Best Val R2: 0.0347
2025-05-30 13:48:43,599 - INFO - Epoch 121/200 | Train Loss: 0.254002 | Val Loss: 0.824489 | Train R2: -0.0144 | Val R2: -0.0277 | Best Val R2: 0.0347
2025-05-30 13:48:44,027 - INFO - Epoch 122/200 | Train Loss: 0.253637 | Val Loss: 0.823194 | Train R2: -0.0130 | Val R2: -0.0179 | Best Val R2: 0.0347
2025-05-30 13:48:44,469 - INFO - Epoch 123/200 | Train Loss: 0.253808 | Val Loss: 0.822930 | Train R2: 0.0085 | Val R2: -0.0134 | Best Val R2: 0.0347
2025-05-30 13:48:45,037 - INFO - Epoch 124/200 | Train Loss: 0.254673 | Val Loss: 0.822449 | Train R2: -0.0194 | Val R2: -0.0101 | Best Val R2: 0.0347
2025-05-30 13:48:45,037 - INFO - Early stopping at epoch 124
2025-05-30 13:48:45,058 - INFO - TransformerWithPostFusion 验证集还原后指标: {'R2': 0.03469133852157702, 'MAE': 0.03527054, 'MAPE': 0.46754432}
2025-05-30 13:48:45,092 - INFO - 使用 TransformerWithFixedToken 模型, hidden_dim=256, nhead=8, num_layers=3
2025-05-30 13:48:46,260 - INFO - Epoch 1/200 | Train Loss: 0.292946 | Val Loss: 1.019912 | Train R2: -0.1718 | Val R2: -0.1673 | Best Val R2: -0.1673
2025-05-30 13:48:47,419 - INFO - Epoch 2/200 | Train Loss: 0.297800 | Val Loss: 1.244424 | Train R2: -0.1912 | Val R2: -0.4955 | Best Val R2: -0.1673
2025-05-30 13:48:48,717 - INFO - Epoch 3/200 | Train Loss: 0.316185 | Val Loss: 1.025250 | Train R2: -0.2647 | Val R2: -0.2349 | Best Val R2: -0.1673
2025-05-30 13:48:50,005 - INFO - Epoch 4/200 | Train Loss: 0.265777 | Val Loss: 0.797997 | Train R2: -0.0631 | Val R2: 0.0281 | Best Val R2: 0.0281
2025-05-30 13:48:50,972 - INFO - Epoch 5/200 | Train Loss: 0.234416 | Val Loss: 0.757859 | Train R2: 0.0623 | Val R2: 0.0868 | Best Val R2: 0.0868
2025-05-30 13:48:52,140 - INFO - Epoch 6/200 | Train Loss: 0.223316 | Val Loss: 0.775168 | Train R2: 0.1067 | Val R2: 0.0906 | Best Val R2: 0.0906
2025-05-30 13:48:53,383 - INFO - Epoch 7/200 | Train Loss: 0.204351 | Val Loss: 0.745219 | Train R2: 0.1826 | Val R2: 0.1479 | Best Val R2: 0.1479
2025-05-30 13:48:54,389 - INFO - Epoch 8/200 | Train Loss: 0.189395 | Val Loss: 0.728212 | Train R2: 0.2424 | Val R2: 0.1712 | Best Val R2: 0.1712
2025-05-30 13:48:55,757 - INFO - Epoch 9/200 | Train Loss: 0.189905 | Val Loss: 0.716281 | Train R2: 0.2404 | Val R2: 0.1804 | Best Val R2: 0.1804
2025-05-30 13:48:56,687 - INFO - Epoch 10/200 | Train Loss: 0.182367 | Val Loss: 0.710350 | Train R2: 0.2705 | Val R2: 0.1846 | Best Val R2: 0.1846
2025-05-30 13:48:57,978 - INFO - Epoch 11/200 | Train Loss: 0.180152 | Val Loss: 0.621395 | Train R2: 0.2794 | Val R2: 0.2467 | Best Val R2: 0.2467
2025-05-30 13:48:59,354 - INFO - Epoch 12/200 | Train Loss: 0.156901 | Val Loss: 0.676978 | Train R2: 0.3724 | Val R2: 0.0946 | Best Val R2: 0.2467
2025-05-30 13:49:00,672 - INFO - Epoch 13/200 | Train Loss: 0.174929 | Val Loss: 0.740945 | Train R2: 0.3003 | Val R2: 0.0342 | Best Val R2: 0.2467
2025-05-30 13:49:01,989 - INFO - Epoch 14/200 | Train Loss: 0.171467 | Val Loss: 0.554516 | Train R2: 0.3141 | Val R2: 0.2647 | Best Val R2: 0.2647
2025-05-30 13:49:03,321 - INFO - Epoch 15/200 | Train Loss: 0.149187 | Val Loss: 0.647579 | Train R2: 0.4033 | Val R2: 0.1882 | Best Val R2: 0.2647
2025-05-30 13:49:04,873 - INFO - Epoch 16/200 | Train Loss: 0.172047 | Val Loss: 0.557259 | Train R2: 0.3118 | Val R2: 0.2741 | Best Val R2: 0.2741
2025-05-30 13:49:06,415 - INFO - Epoch 17/200 | Train Loss: 0.156176 | Val Loss: 0.469653 | Train R2: 0.3753 | Val R2: 0.3458 | Best Val R2: 0.3458
2025-05-30 13:49:07,709 - INFO - Epoch 18/200 | Train Loss: 0.140586 | Val Loss: 0.464700 | Train R2: 0.4377 | Val R2: 0.3398 | Best Val R2: 0.3458
2025-05-30 13:49:08,917 - INFO - Epoch 19/200 | Train Loss: 0.141200 | Val Loss: 0.457627 | Train R2: 0.4352 | Val R2: 0.3472 | Best Val R2: 0.3472
2025-05-30 13:49:09,904 - INFO - Epoch 20/200 | Train Loss: 0.138684 | Val Loss: 0.454971 | Train R2: 0.4453 | Val R2: 0.3507 | Best Val R2: 0.3507
2025-05-30 13:49:10,808 - INFO - Epoch 21/200 | Train Loss: 0.139580 | Val Loss: 0.812173 | Train R2: 0.4417 | Val R2: -0.0122 | Best Val R2: 0.3507
2025-05-30 13:49:12,180 - INFO - Epoch 22/200 | Train Loss: 0.227129 | Val Loss: 1.209056 | Train R2: 0.0915 | Val R2: -0.4348 | Best Val R2: 0.3507
2025-05-30 13:49:13,452 - INFO - Epoch 23/200 | Train Loss: 0.279459 | Val Loss: 0.781712 | Train R2: -0.1178 | Val R2: 0.0259 | Best Val R2: 0.3507
2025-05-30 13:49:14,725 - INFO - Epoch 24/200 | Train Loss: 0.199438 | Val Loss: 0.672633 | Train R2: 0.2022 | Val R2: 0.1711 | Best Val R2: 0.3507
2025-05-30 13:49:15,827 - INFO - Epoch 25/200 | Train Loss: 0.173778 | Val Loss: 0.693306 | Train R2: 0.3049 | Val R2: 0.1611 | Best Val R2: 0.3507
2025-05-30 13:49:16,816 - INFO - Epoch 26/200 | Train Loss: 0.165103 | Val Loss: 0.616583 | Train R2: 0.3396 | Val R2: 0.2237 | Best Val R2: 0.3507
2025-05-30 13:49:18,028 - INFO - Epoch 27/200 | Train Loss: 0.145740 | Val Loss: 0.615826 | Train R2: 0.4170 | Val R2: 0.2548 | Best Val R2: 0.3507
2025-05-30 13:49:19,370 - INFO - Epoch 28/200 | Train Loss: 0.141075 | Val Loss: 0.606363 | Train R2: 0.4357 | Val R2: 0.2728 | Best Val R2: 0.3507
2025-05-30 13:49:20,740 - INFO - Epoch 29/200 | Train Loss: 0.143633 | Val Loss: 0.576266 | Train R2: 0.4255 | Val R2: 0.2930 | Best Val R2: 0.3507
2025-05-30 13:49:21,979 - INFO - Epoch 30/200 | Train Loss: 0.139338 | Val Loss: 0.565761 | Train R2: 0.4426 | Val R2: 0.2995 | Best Val R2: 0.3507
2025-05-30 13:49:23,330 - INFO - Epoch 31/200 | Train Loss: 0.134787 | Val Loss: 0.509027 | Train R2: 0.4609 | Val R2: 0.2819 | Best Val R2: 0.3507
2025-05-30 13:49:24,698 - INFO - Epoch 32/200 | Train Loss: 0.154355 | Val Loss: 0.681793 | Train R2: 0.3826 | Val R2: 0.0262 | Best Val R2: 0.3507
2025-05-30 13:49:26,009 - INFO - Epoch 33/200 | Train Loss: 0.194846 | Val Loss: 0.534863 | Train R2: 0.2206 | Val R2: 0.2602 | Best Val R2: 0.3507
2025-05-30 13:49:27,322 - INFO - Epoch 34/200 | Train Loss: 0.157231 | Val Loss: 0.538763 | Train R2: 0.3711 | Val R2: 0.2883 | Best Val R2: 0.3507
2025-05-30 13:49:28,597 - INFO - Epoch 35/200 | Train Loss: 0.156596 | Val Loss: 0.510808 | Train R2: 0.3736 | Val R2: 0.3353 | Best Val R2: 0.3507
2025-05-30 13:49:29,748 - INFO - Epoch 36/200 | Train Loss: 0.140983 | Val Loss: 0.547697 | Train R2: 0.4361 | Val R2: 0.2984 | Best Val R2: 0.3507
2025-05-30 13:49:30,572 - INFO - Epoch 37/200 | Train Loss: 0.148490 | Val Loss: 0.611722 | Train R2: 0.4060 | Val R2: 0.2489 | Best Val R2: 0.3507
2025-05-30 13:49:31,422 - INFO - Epoch 38/200 | Train Loss: 0.145281 | Val Loss: 0.630676 | Train R2: 0.4189 | Val R2: 0.2460 | Best Val R2: 0.3507
2025-05-30 13:49:32,631 - INFO - Epoch 39/200 | Train Loss: 0.144418 | Val Loss: 0.642201 | Train R2: 0.4223 | Val R2: 0.2431 | Best Val R2: 0.3507
2025-05-30 13:49:34,020 - INFO - Epoch 40/200 | Train Loss: 0.144125 | Val Loss: 0.638968 | Train R2: 0.4235 | Val R2: 0.2472 | Best Val R2: 0.3507
2025-05-30 13:49:35,376 - INFO - Epoch 41/200 | Train Loss: 0.137748 | Val Loss: 0.536257 | Train R2: 0.4490 | Val R2: 0.3208 | Best Val R2: 0.3507
2025-05-30 13:49:36,626 - INFO - Epoch 42/200 | Train Loss: 0.142390 | Val Loss: 0.591312 | Train R2: 0.4304 | Val R2: 0.2272 | Best Val R2: 0.3507
2025-05-30 13:49:38,197 - INFO - Epoch 43/200 | Train Loss: 0.151172 | Val Loss: 0.621869 | Train R2: 0.3953 | Val R2: 0.1967 | Best Val R2: 0.3507
2025-05-30 13:49:39,139 - INFO - Epoch 44/200 | Train Loss: 0.158518 | Val Loss: 0.621602 | Train R2: 0.3659 | Val R2: 0.2049 | Best Val R2: 0.3507
2025-05-30 13:49:40,317 - INFO - Epoch 45/200 | Train Loss: 0.147899 | Val Loss: 0.607223 | Train R2: 0.4084 | Val R2: 0.2254 | Best Val R2: 0.3507
2025-05-30 13:49:41,615 - INFO - Epoch 46/200 | Train Loss: 0.137945 | Val Loss: 0.617466 | Train R2: 0.4482 | Val R2: 0.2308 | Best Val R2: 0.3507
2025-05-30 13:49:42,973 - INFO - Epoch 47/200 | Train Loss: 0.129320 | Val Loss: 0.612070 | Train R2: 0.4827 | Val R2: 0.2495 | Best Val R2: 0.3507
2025-05-30 13:49:44,282 - INFO - Epoch 48/200 | Train Loss: 0.132415 | Val Loss: 0.600029 | Train R2: 0.4703 | Val R2: 0.2652 | Best Val R2: 0.3507
2025-05-30 13:49:45,779 - INFO - Epoch 49/200 | Train Loss: 0.125209 | Val Loss: 0.594059 | Train R2: 0.4992 | Val R2: 0.2702 | Best Val R2: 0.3507
2025-05-30 13:49:47,209 - INFO - Epoch 50/200 | Train Loss: 0.128243 | Val Loss: 0.593182 | Train R2: 0.4870 | Val R2: 0.2711 | Best Val R2: 0.3507
2025-05-30 13:49:47,209 - INFO - Early stopping at epoch 50
2025-05-30 13:49:47,222 - INFO - TransformerWithFixedToken 验证集还原后指标: {'R2': 0.35068892716631195, 'MAE': 0.025237307, 'MAPE': 0.29969096}
2025-05-30 13:49:47,231 - INFO - 使用 ImprovedTransformer 模型, hidden_dim=128, nhead=8, num_layers=3
2025-05-30 13:49:47,565 - INFO - Epoch 1/200 | Train Loss: 0.282154 | Val Loss: 0.830024 | Train R2: -0.0839 | Val R2: -0.0103 | Best Val R2: -0.0103
2025-05-30 13:49:48,134 - INFO - Epoch 2/200 | Train Loss: 0.256864 | Val Loss: 0.917190 | Train R2: -0.0513 | Val R2: -0.1388 | Best Val R2: -0.0103
2025-05-30 13:49:48,815 - INFO - Epoch 3/200 | Train Loss: 0.264339 | Val Loss: 0.818857 | Train R2: -0.0479 | Val R2: -0.0126 | Best Val R2: -0.0103
2025-05-30 13:49:49,218 - INFO - Epoch 4/200 | Train Loss: 0.250281 | Val Loss: 0.819588 | Train R2: -0.0089 | Val R2: -0.0028 | Best Val R2: -0.0028
2025-05-30 13:49:49,799 - INFO - Epoch 5/200 | Train Loss: 0.257574 | Val Loss: 0.819697 | Train R2: -0.0199 | Val R2: -0.0022 | Best Val R2: -0.0022
2025-05-30 13:49:50,448 - INFO - Epoch 6/200 | Train Loss: 0.257350 | Val Loss: 0.812310 | Train R2: -0.0281 | Val R2: 0.0031 | Best Val R2: 0.0031
2025-05-30 13:49:51,229 - INFO - Epoch 7/200 | Train Loss: 0.254089 | Val Loss: 0.812306 | Train R2: -0.0122 | Val R2: 0.0004 | Best Val R2: 0.0031
2025-05-30 13:49:52,231 - INFO - Epoch 8/200 | Train Loss: 0.250336 | Val Loss: 0.816649 | Train R2: 0.0023 | Val R2: -0.0064 | Best Val R2: 0.0031
2025-05-30 13:49:52,970 - INFO - Epoch 9/200 | Train Loss: 0.250302 | Val Loss: 0.819691 | Train R2: 0.0008 | Val R2: -0.0107 | Best Val R2: 0.0031
2025-05-30 13:49:53,518 - INFO - Epoch 10/200 | Train Loss: 0.250208 | Val Loss: 0.820487 | Train R2: 0.0093 | Val R2: -0.0120 | Best Val R2: 0.0031
2025-05-30 13:49:54,039 - INFO - Epoch 11/200 | Train Loss: 0.250245 | Val Loss: 0.826800 | Train R2: 0.0067 | Val R2: -0.0216 | Best Val R2: 0.0031
2025-05-30 13:49:54,540 - INFO - Epoch 12/200 | Train Loss: 0.250394 | Val Loss: 0.823465 | Train R2: 0.0042 | Val R2: -0.0169 | Best Val R2: 0.0031
2025-05-30 13:49:55,061 - INFO - Epoch 13/200 | Train Loss: 0.250575 | Val Loss: 0.816200 | Train R2: -0.0000 | Val R2: -0.0064 | Best Val R2: 0.0031
2025-05-30 13:49:55,557 - INFO - Epoch 14/200 | Train Loss: 0.250277 | Val Loss: 0.811837 | Train R2: 0.0047 | Val R2: 0.0021 | Best Val R2: 0.0031
2025-05-30 13:49:56,172 - INFO - Epoch 15/200 | Train Loss: 0.251360 | Val Loss: 0.811744 | Train R2: 0.0033 | Val R2: 0.0039 | Best Val R2: 0.0039
2025-05-30 13:49:56,780 - INFO - Epoch 16/200 | Train Loss: 0.253027 | Val Loss: 0.812996 | Train R2: -0.0030 | Val R2: 0.0037 | Best Val R2: 0.0039
2025-05-30 13:49:57,230 - INFO - Epoch 17/200 | Train Loss: 0.254039 | Val Loss: 0.812634 | Train R2: -0.0069 | Val R2: 0.0037 | Best Val R2: 0.0039
2025-05-30 13:49:57,697 - INFO - Epoch 18/200 | Train Loss: 0.253710 | Val Loss: 0.811699 | Train R2: -0.0104 | Val R2: 0.0038 | Best Val R2: 0.0039
2025-05-30 13:49:58,151 - INFO - Epoch 19/200 | Train Loss: 0.252922 | Val Loss: 0.811332 | Train R2: -0.0016 | Val R2: 0.0035 | Best Val R2: 0.0039
2025-05-30 13:49:58,507 - INFO - Epoch 20/200 | Train Loss: 0.252303 | Val Loss: 0.811258 | Train R2: -0.0003 | Val R2: 0.0034 | Best Val R2: 0.0039
2025-05-30 13:49:59,249 - INFO - Epoch 21/200 | Train Loss: 0.252109 | Val Loss: 0.816082 | Train R2: -0.0046 | Val R2: -0.0097 | Best Val R2: 0.0039
2025-05-30 13:49:59,704 - INFO - Epoch 22/200 | Train Loss: 0.249822 | Val Loss: 0.820606 | Train R2: 0.0058 | Val R2: -0.0164 | Best Val R2: 0.0039
2025-05-30 13:50:00,332 - INFO - Epoch 23/200 | Train Loss: 0.250266 | Val Loss: 0.821995 | Train R2: 0.0025 | Val R2: -0.0160 | Best Val R2: 0.0039
2025-05-30 13:50:00,757 - INFO - Epoch 24/200 | Train Loss: 0.250172 | Val Loss: 0.820119 | Train R2: 0.0029 | Val R2: -0.0152 | Best Val R2: 0.0039
2025-05-30 13:50:01,227 - INFO - Epoch 25/200 | Train Loss: 0.250564 | Val Loss: 0.814050 | Train R2: 0.0060 | Val R2: -0.0078 | Best Val R2: 0.0039
2025-05-30 13:50:01,827 - INFO - Epoch 26/200 | Train Loss: 0.250292 | Val Loss: 0.811709 | Train R2: 0.0017 | Val R2: -0.0032 | Best Val R2: 0.0039
2025-05-30 13:50:02,416 - INFO - Epoch 27/200 | Train Loss: 0.251137 | Val Loss: 0.811284 | Train R2: 0.0046 | Val R2: -0.0014 | Best Val R2: 0.0039
2025-05-30 13:50:02,972 - INFO - Epoch 28/200 | Train Loss: 0.251240 | Val Loss: 0.811505 | Train R2: -0.0004 | Val R2: -0.0019 | Best Val R2: 0.0039
2025-05-30 13:50:03,459 - INFO - Epoch 29/200 | Train Loss: 0.251006 | Val Loss: 0.811797 | Train R2: 0.0026 | Val R2: -0.0027 | Best Val R2: 0.0039
2025-05-30 13:50:03,916 - INFO - Epoch 30/200 | Train Loss: 0.250863 | Val Loss: 0.811923 | Train R2: 0.0009 | Val R2: -0.0030 | Best Val R2: 0.0039
2025-05-30 13:50:04,359 - INFO - Epoch 31/200 | Train Loss: 0.250782 | Val Loss: 0.818816 | Train R2: 0.0036 | Val R2: -0.0146 | Best Val R2: 0.0039
2025-05-30 13:50:04,872 - INFO - Epoch 32/200 | Train Loss: 0.249976 | Val Loss: 0.826430 | Train R2: 0.0036 | Val R2: -0.0256 | Best Val R2: 0.0039
2025-05-30 13:50:05,300 - INFO - Epoch 33/200 | Train Loss: 0.250576 | Val Loss: 0.834034 | Train R2: -0.0017 | Val R2: -0.0353 | Best Val R2: 0.0039
2025-05-30 13:50:05,772 - INFO - Epoch 34/200 | Train Loss: 0.251401 | Val Loss: 0.832368 | Train R2: -0.0031 | Val R2: -0.0335 | Best Val R2: 0.0039
2025-05-30 13:50:06,209 - INFO - Epoch 35/200 | Train Loss: 0.250945 | Val Loss: 0.827027 | Train R2: -0.0047 | Val R2: -0.0278 | Best Val R2: 0.0039
2025-05-30 13:50:06,672 - INFO - Epoch 36/200 | Train Loss: 0.250590 | Val Loss: 0.826513 | Train R2: -0.0014 | Val R2: -0.0268 | Best Val R2: 0.0039
2025-05-30 13:50:07,184 - INFO - Epoch 37/200 | Train Loss: 0.250478 | Val Loss: 0.825010 | Train R2: 0.0041 | Val R2: -0.0248 | Best Val R2: 0.0039
2025-05-30 13:50:07,698 - INFO - Epoch 38/200 | Train Loss: 0.250366 | Val Loss: 0.823589 | Train R2: 0.0003 | Val R2: -0.0228 | Best Val R2: 0.0039
2025-05-30 13:50:08,070 - INFO - Epoch 39/200 | Train Loss: 0.250356 | Val Loss: 0.822557 | Train R2: -0.0011 | Val R2: -0.0213 | Best Val R2: 0.0039
2025-05-30 13:50:08,520 - INFO - Epoch 40/200 | Train Loss: 0.250225 | Val Loss: 0.822294 | Train R2: 0.0002 | Val R2: -0.0209 | Best Val R2: 0.0039
2025-05-30 13:50:08,908 - INFO - Epoch 41/200 | Train Loss: 0.250193 | Val Loss: 0.815838 | Train R2: -0.0012 | Val R2: -0.0117 | Best Val R2: 0.0039
2025-05-30 13:50:09,267 - INFO - Epoch 42/200 | Train Loss: 0.249862 | Val Loss: 0.812376 | Train R2: 0.0022 | Val R2: -0.0058 | Best Val R2: 0.0039
