2025-05-28 22:47:14,119 - INFO - Using device: cpu
2025-05-28 22:47:14,824 - INFO - 数据加载成功
2025-05-28 22:47:14,862 - INFO - BirdsVariety 标准化前: ['Cobb', 'SZ901Plus', 'SZ901PLUS', 'SZ901/\nSZ901PLUS', 'SZ901', 'SZ901Plus/SZ901', 'Cobb500', 'SZ901plus', 'SZ901\nSZ901plus', 'SZ901 PIUS', 'SZ901\nSZ901Plus', 'Cobb 500', '901.0', 'SZ901/901plus', '901plus', 'CObb', 'cobb', 'SZ901 Plus', 'SZ901 PLUS', '901Plus']
2025-05-28 22:47:14,870 - INFO - BirdsVariety 标准化后: ['Cobb', 'SZ901 Plus']
2025-05-28 22:47:14,873 - INFO - BirdsVariety 编码: {'Cobb': 0, 'SZ901 Plus': 1}
2025-05-28 22:47:14,878 - INFO - FarmSupervisor 编码: {'丁家宝': 0, '余涛': 1, '公赔河': 2, '刘乾乾': 3, '史成志': 4, '姚闯': 5, '张换吉': 6, '张明明': 7, '张玉风': 8, '戈兆康': 9, '李明': 10, '李芳昌': 11, '李荣': 12, '李豪': 13, '杨健健': 14, '杨文杰': 15, '王勇': 16, '王志远': 17, '罗冲': 18, '薄明龙': 19, '陈智': 20, '陈铁楠': 21, '高阳阳': 22}
2025-05-28 22:47:15,061 - INFO - 训练集大小: 323, 批次数量: 6
2025-05-28 22:47:15,064 - INFO - 验证集大小: 81, 批次数量: 2
2025-05-28 22:47:15,573 - INFO - 使用 TransformerWithPostFusion 模型, hidden_dim=128, nhead=8, num_layers=3
2025-05-28 22:47:50,234 - INFO - Epoch 1/200 | Train Loss: 0.615790 | Val Loss: 1.497618 | Train R2: -1.5805 | Val R2: -0.7267 | Best Val R2: -0.7267
2025-05-28 22:47:55,011 - INFO - Epoch 2/200 | Train Loss: 0.429288 | Val Loss: 1.107690 | Train R2: -0.7940 | Val R2: -0.2224 | Best Val R2: -0.2224
2025-05-28 22:47:59,579 - INFO - Epoch 3/200 | Train Loss: 0.366782 | Val Loss: 1.016698 | Train R2: -0.5006 | Val R2: -0.1980 | Best Val R2: -0.1980
2025-05-28 22:48:04,281 - INFO - Epoch 4/200 | Train Loss: 0.330318 | Val Loss: 1.003394 | Train R2: -0.3585 | Val R2: -0.1656 | Best Val R2: -0.1656
2025-05-28 22:48:08,585 - INFO - Epoch 5/200 | Train Loss: 0.328953 | Val Loss: 0.950175 | Train R2: -0.3431 | Val R2: -0.0624 | Best Val R2: -0.0624
2025-05-28 22:48:12,920 - INFO - Epoch 6/200 | Train Loss: 0.316251 | Val Loss: 0.935705 | Train R2: -0.2601 | Val R2: -0.0314 | Best Val R2: -0.0314
2025-05-28 22:48:17,031 - INFO - Epoch 7/200 | Train Loss: 0.306487 | Val Loss: 0.942919 | Train R2: -0.1980 | Val R2: -0.0400 | Best Val R2: -0.0314
2025-05-28 22:48:21,589 - INFO - Epoch 8/200 | Train Loss: 0.304461 | Val Loss: 0.946199 | Train R2: -0.2192 | Val R2: -0.0432 | Best Val R2: -0.0314
2025-05-28 22:48:25,711 - INFO - Epoch 9/200 | Train Loss: 0.296547 | Val Loss: 0.942949 | Train R2: -0.1137 | Val R2: -0.0396 | Best Val R2: -0.0314
2025-05-28 22:48:30,438 - INFO - Epoch 10/200 | Train Loss: 0.292162 | Val Loss: 0.941693 | Train R2: -0.1814 | Val R2: -0.0382 | Best Val R2: -0.0314
2025-05-28 22:48:36,425 - INFO - Epoch 11/200 | Train Loss: 0.297045 | Val Loss: 0.938374 | Train R2: -0.2278 | Val R2: -0.0237 | Best Val R2: -0.0237
2025-05-28 22:48:41,119 - INFO - Epoch 12/200 | Train Loss: 0.298972 | Val Loss: 0.973373 | Train R2: -0.2450 | Val R2: -0.0761 | Best Val R2: -0.0237
2025-05-28 22:48:46,121 - INFO - Epoch 13/200 | Train Loss: 0.311037 | Val Loss: 0.944616 | Train R2: -0.3342 | Val R2: -0.0794 | Best Val R2: -0.0237
2025-05-28 22:48:51,337 - INFO - Epoch 14/200 | Train Loss: 0.291994 | Val Loss: 0.968441 | Train R2: -0.2117 | Val R2: -0.1339 | Best Val R2: -0.0237
2025-05-28 22:48:55,792 - INFO - Epoch 15/200 | Train Loss: 0.282398 | Val Loss: 0.976689 | Train R2: -0.1864 | Val R2: -0.1317 | Best Val R2: -0.0237
2025-05-28 22:48:59,457 - INFO - Epoch 16/200 | Train Loss: 0.289939 | Val Loss: 0.952610 | Train R2: -0.1867 | Val R2: -0.0781 | Best Val R2: -0.0237
2025-05-28 22:49:03,023 - INFO - Epoch 17/200 | Train Loss: 0.278384 | Val Loss: 0.937305 | Train R2: -0.0891 | Val R2: -0.0390 | Best Val R2: -0.0237
2025-05-28 22:49:06,434 - INFO - Epoch 18/200 | Train Loss: 0.278936 | Val Loss: 0.933791 | Train R2: -0.0747 | Val R2: -0.0255 | Best Val R2: -0.0237
2025-05-28 22:49:10,231 - INFO - Epoch 19/200 | Train Loss: 0.282930 | Val Loss: 0.933226 | Train R2: -0.1820 | Val R2: -0.0226 | Best Val R2: -0.0226
2025-05-28 22:49:14,061 - INFO - Epoch 20/200 | Train Loss: 0.276132 | Val Loss: 0.933301 | Train R2: -0.1145 | Val R2: -0.0228 | Best Val R2: -0.0226
2025-05-28 22:49:17,268 - INFO - Epoch 21/200 | Train Loss: 0.274029 | Val Loss: 0.940593 | Train R2: -0.1513 | Val R2: -0.0489 | Best Val R2: -0.0226
2025-05-28 22:49:21,274 - INFO - Epoch 22/200 | Train Loss: 0.276199 | Val Loss: 0.941480 | Train R2: -0.0966 | Val R2: -0.0563 | Best Val R2: -0.0226
2025-05-28 22:49:25,111 - INFO - Epoch 23/200 | Train Loss: 0.274875 | Val Loss: 0.924813 | Train R2: -0.0831 | Val R2: -0.0236 | Best Val R2: -0.0226
2025-05-28 22:49:28,234 - INFO - Epoch 24/200 | Train Loss: 0.274080 | Val Loss: 0.920496 | Train R2: -0.1112 | Val R2: -0.0079 | Best Val R2: -0.0079
2025-05-28 22:49:31,488 - INFO - Epoch 25/200 | Train Loss: 0.268884 | Val Loss: 0.921636 | Train R2: -0.0817 | Val R2: -0.0116 | Best Val R2: -0.0079
2025-05-28 22:49:34,709 - INFO - Epoch 26/200 | Train Loss: 0.268336 | Val Loss: 0.924783 | Train R2: -0.1105 | Val R2: -0.0202 | Best Val R2: -0.0079
2025-05-28 22:49:38,024 - INFO - Epoch 27/200 | Train Loss: 0.273135 | Val Loss: 0.925531 | Train R2: -0.0911 | Val R2: -0.0223 | Best Val R2: -0.0079
2025-05-28 22:49:41,306 - INFO - Epoch 28/200 | Train Loss: 0.269721 | Val Loss: 0.925452 | Train R2: -0.0438 | Val R2: -0.0214 | Best Val R2: -0.0079
2025-05-28 22:49:44,858 - INFO - Epoch 29/200 | Train Loss: 0.266427 | Val Loss: 0.925363 | Train R2: -0.0557 | Val R2: -0.0214 | Best Val R2: -0.0079
2025-05-28 22:49:48,897 - INFO - Epoch 30/200 | Train Loss: 0.267366 | Val Loss: 0.925323 | Train R2: -0.0429 | Val R2: -0.0214 | Best Val R2: -0.0079
2025-05-28 22:49:55,010 - INFO - Epoch 31/200 | Train Loss: 0.270263 | Val Loss: 0.927625 | Train R2: -0.0738 | Val R2: -0.0273 | Best Val R2: -0.0079
2025-05-28 22:49:59,523 - INFO - Epoch 32/200 | Train Loss: 0.271149 | Val Loss: 0.923127 | Train R2: -0.0959 | Val R2: -0.0152 | Best Val R2: -0.0079
2025-05-28 22:50:03,271 - INFO - Epoch 33/200 | Train Loss: 0.263930 | Val Loss: 0.920365 | Train R2: -0.0576 | Val R2: -0.0010 | Best Val R2: -0.0010
2025-05-28 22:50:06,841 - INFO - Epoch 34/200 | Train Loss: 0.267530 | Val Loss: 0.920502 | Train R2: -0.0749 | Val R2: 0.0124 | Best Val R2: 0.0124
2025-05-28 22:50:10,638 - INFO - Epoch 35/200 | Train Loss: 0.266464 | Val Loss: 0.917699 | Train R2: -0.0529 | Val R2: 0.0120 | Best Val R2: 0.0124
2025-05-28 22:50:14,253 - INFO - Epoch 36/200 | Train Loss: 0.266908 | Val Loss: 0.916048 | Train R2: -0.0478 | Val R2: 0.0094 | Best Val R2: 0.0124
2025-05-28 22:50:17,829 - INFO - Epoch 37/200 | Train Loss: 0.265288 | Val Loss: 0.916982 | Train R2: 0.0335 | Val R2: 0.0017 | Best Val R2: 0.0124
2025-05-28 22:50:21,975 - INFO - Epoch 38/200 | Train Loss: 0.264130 | Val Loss: 0.917085 | Train R2: -0.0138 | Val R2: 0.0006 | Best Val R2: 0.0124
2025-05-28 22:50:25,612 - INFO - Epoch 39/200 | Train Loss: 0.261635 | Val Loss: 0.917089 | Train R2: -0.0032 | Val R2: 0.0008 | Best Val R2: 0.0124
2025-05-28 22:50:29,295 - INFO - Epoch 40/200 | Train Loss: 0.265363 | Val Loss: 0.916950 | Train R2: -0.0381 | Val R2: 0.0013 | Best Val R2: 0.0124
2025-05-28 22:50:32,894 - INFO - Epoch 41/200 | Train Loss: 0.262232 | Val Loss: 0.918118 | Train R2: -0.0433 | Val R2: -0.0004 | Best Val R2: 0.0124
2025-05-28 22:50:36,210 - INFO - Epoch 42/200 | Train Loss: 0.263594 | Val Loss: 0.925243 | Train R2: -0.0603 | Val R2: -0.0144 | Best Val R2: 0.0124
2025-05-28 22:50:40,637 - INFO - Epoch 43/200 | Train Loss: 0.261207 | Val Loss: 0.924531 | Train R2: -0.0239 | Val R2: -0.0147 | Best Val R2: 0.0124
2025-05-28 22:50:44,534 - INFO - Epoch 44/200 | Train Loss: 0.262944 | Val Loss: 0.919682 | Train R2: -0.0022 | Val R2: -0.0028 | Best Val R2: 0.0124
2025-05-28 22:50:48,505 - INFO - Epoch 45/200 | Train Loss: 0.265310 | Val Loss: 0.917761 | Train R2: -0.0194 | Val R2: -0.0010 | Best Val R2: 0.0124
2025-05-28 22:50:54,179 - INFO - Epoch 46/200 | Train Loss: 0.263676 | Val Loss: 0.914945 | Train R2: -0.0440 | Val R2: -0.0042 | Best Val R2: 0.0124
2025-05-28 22:51:00,907 - INFO - Epoch 47/200 | Train Loss: 0.261559 | Val Loss: 0.912276 | Train R2: -0.0332 | Val R2: -0.0083 | Best Val R2: 0.0124
2025-05-28 22:51:05,570 - INFO - Epoch 48/200 | Train Loss: 0.262399 | Val Loss: 0.910919 | Train R2: -0.0649 | Val R2: -0.0121 | Best Val R2: 0.0124
2025-05-28 22:51:09,563 - INFO - Epoch 49/200 | Train Loss: 0.261153 | Val Loss: 0.910575 | Train R2: -0.0629 | Val R2: -0.0142 | Best Val R2: 0.0124
2025-05-28 22:51:13,768 - INFO - Epoch 50/200 | Train Loss: 0.260793 | Val Loss: 0.910540 | Train R2: -0.0359 | Val R2: -0.0147 | Best Val R2: 0.0124
2025-05-28 22:51:18,065 - INFO - Epoch 51/200 | Train Loss: 0.262452 | Val Loss: 0.913543 | Train R2: -0.0775 | Val R2: -0.0229 | Best Val R2: 0.0124
2025-05-28 22:51:22,329 - INFO - Epoch 52/200 | Train Loss: 0.260484 | Val Loss: 0.937560 | Train R2: -0.0460 | Val R2: -0.0585 | Best Val R2: 0.0124
2025-05-28 22:51:26,422 - INFO - Epoch 53/200 | Train Loss: 0.260960 | Val Loss: 0.949786 | Train R2: -0.0336 | Val R2: -0.0726 | Best Val R2: 0.0124
2025-05-28 22:51:30,669 - INFO - Epoch 54/200 | Train Loss: 0.265263 | Val Loss: 0.934972 | Train R2: -0.0641 | Val R2: -0.0451 | Best Val R2: 0.0124
2025-05-28 22:51:35,161 - INFO - Epoch 55/200 | Train Loss: 0.259569 | Val Loss: 0.920240 | Train R2: 0.0098 | Val R2: -0.0139 | Best Val R2: 0.0124
2025-05-28 22:51:39,573 - INFO - Epoch 56/200 | Train Loss: 0.259533 | Val Loss: 0.915251 | Train R2: 0.0035 | Val R2: 0.0060 | Best Val R2: 0.0124
2025-05-28 22:51:43,813 - INFO - Epoch 57/200 | Train Loss: 0.259016 | Val Loss: 0.915870 | Train R2: 0.0159 | Val R2: 0.0095 | Best Val R2: 0.0124
2025-05-28 22:51:48,059 - INFO - Epoch 58/200 | Train Loss: 0.260110 | Val Loss: 0.915518 | Train R2: -0.0132 | Val R2: 0.0094 | Best Val R2: 0.0124
2025-05-28 22:51:53,033 - INFO - Epoch 59/200 | Train Loss: 0.259071 | Val Loss: 0.914709 | Train R2: -0.0487 | Val R2: 0.0089 | Best Val R2: 0.0124
2025-05-28 22:51:57,154 - INFO - Epoch 60/200 | Train Loss: 0.260327 | Val Loss: 0.914528 | Train R2: -0.0461 | Val R2: 0.0088 | Best Val R2: 0.0124
2025-05-28 22:52:01,820 - INFO - Epoch 61/200 | Train Loss: 0.262707 | Val Loss: 0.912103 | Train R2: -0.0527 | Val R2: 0.0065 | Best Val R2: 0.0124
2025-05-28 22:52:06,441 - INFO - Epoch 62/200 | Train Loss: 0.261507 | Val Loss: 0.915823 | Train R2: -0.0186 | Val R2: -0.0163 | Best Val R2: 0.0124
2025-05-28 22:52:10,211 - INFO - Epoch 63/200 | Train Loss: 0.256772 | Val Loss: 0.921308 | Train R2: -0.0150 | Val R2: -0.0312 | Best Val R2: 0.0124
2025-05-28 22:52:14,095 - INFO - Epoch 64/200 | Train Loss: 0.259280 | Val Loss: 0.920640 | Train R2: -0.0467 | Val R2: -0.0310 | Best Val R2: 0.0124
2025-05-28 22:52:14,098 - INFO - Early stopping at epoch 64
2025-05-28 22:52:14,239 - INFO - TransformerWithPostFusion 验证集还原后指标: {'R2': 0.012407461862972702, 'MAE': 40.23662, 'MAPE': 0.13836434}
2025-05-28 22:52:14,377 - INFO - 使用 TransformerWithFixedToken 模型, hidden_dim=128, nhead=8, num_layers=4
2025-05-28 22:52:19,656 - INFO - Epoch 1/200 | Train Loss: 0.259792 | Val Loss: 0.911117 | Train R2: -0.0392 | Val R2: -0.1330 | Best Val R2: -0.1330
2025-05-28 22:52:24,883 - INFO - Epoch 2/200 | Train Loss: 0.239178 | Val Loss: 0.668302 | Train R2: 0.0433 | Val R2: 0.2072 | Best Val R2: 0.2072
2025-05-28 22:52:30,123 - INFO - Epoch 3/200 | Train Loss: 0.180126 | Val Loss: 0.868976 | Train R2: 0.2795 | Val R2: 0.0414 | Best Val R2: 0.2072
2025-05-28 22:52:35,478 - INFO - Epoch 4/200 | Train Loss: 0.193934 | Val Loss: 0.621776 | Train R2: 0.2243 | Val R2: 0.2484 | Best Val R2: 0.2484
2025-05-28 22:52:40,432 - INFO - Epoch 5/200 | Train Loss: 0.158467 | Val Loss: 0.641987 | Train R2: 0.3661 | Val R2: 0.2421 | Best Val R2: 0.2484
2025-05-28 22:52:45,352 - INFO - Epoch 6/200 | Train Loss: 0.161802 | Val Loss: 0.622057 | Train R2: 0.3528 | Val R2: 0.2453 | Best Val R2: 0.2484
2025-05-28 22:52:50,471 - INFO - Epoch 7/200 | Train Loss: 0.153573 | Val Loss: 0.605873 | Train R2: 0.3857 | Val R2: 0.2754 | Best Val R2: 0.2754
2025-05-28 22:52:55,506 - INFO - Epoch 8/200 | Train Loss: 0.146580 | Val Loss: 0.600551 | Train R2: 0.4137 | Val R2: 0.2845 | Best Val R2: 0.2845
2025-05-28 22:53:00,445 - INFO - Epoch 9/200 | Train Loss: 0.144087 | Val Loss: 0.591177 | Train R2: 0.4237 | Val R2: 0.2922 | Best Val R2: 0.2922
2025-05-28 22:53:05,581 - INFO - Epoch 10/200 | Train Loss: 0.143808 | Val Loss: 0.587725 | Train R2: 0.4248 | Val R2: 0.2950 | Best Val R2: 0.2950
2025-05-28 22:53:10,589 - INFO - Epoch 11/200 | Train Loss: 0.136718 | Val Loss: 0.570462 | Train R2: 0.4531 | Val R2: 0.3100 | Best Val R2: 0.3100
2025-05-28 22:53:15,442 - INFO - Epoch 12/200 | Train Loss: 0.148688 | Val Loss: 0.656092 | Train R2: 0.4052 | Val R2: 0.2640 | Best Val R2: 0.3100
2025-05-28 22:53:20,556 - INFO - Epoch 13/200 | Train Loss: 0.134460 | Val Loss: 0.655062 | Train R2: 0.4622 | Val R2: 0.2813 | Best Val R2: 0.3100
2025-05-28 22:53:25,380 - INFO - Epoch 14/200 | Train Loss: 0.137241 | Val Loss: 0.626058 | Train R2: 0.4510 | Val R2: 0.2616 | Best Val R2: 0.3100
2025-05-28 22:53:30,411 - INFO - Epoch 15/200 | Train Loss: 0.146380 | Val Loss: 0.599152 | Train R2: 0.4145 | Val R2: 0.2950 | Best Val R2: 0.3100
2025-05-28 22:53:35,615 - INFO - Epoch 16/200 | Train Loss: 0.124563 | Val Loss: 0.687130 | Train R2: 0.5017 | Val R2: 0.2706 | Best Val R2: 0.3100
2025-05-28 22:53:40,963 - INFO - Epoch 17/200 | Train Loss: 0.126607 | Val Loss: 0.707361 | Train R2: 0.4936 | Val R2: 0.2490 | Best Val R2: 0.3100
2025-05-28 22:53:46,281 - INFO - Epoch 18/200 | Train Loss: 0.124772 | Val Loss: 0.645359 | Train R2: 0.5009 | Val R2: 0.2877 | Best Val R2: 0.3100
2025-05-28 22:53:51,348 - INFO - Epoch 19/200 | Train Loss: 0.120774 | Val Loss: 0.613394 | Train R2: 0.5169 | Val R2: 0.3047 | Best Val R2: 0.3100
2025-05-28 22:53:56,631 - INFO - Epoch 20/200 | Train Loss: 0.110100 | Val Loss: 0.607391 | Train R2: 0.5596 | Val R2: 0.3086 | Best Val R2: 0.3100
2025-05-28 22:54:01,650 - INFO - Epoch 21/200 | Train Loss: 0.118639 | Val Loss: 0.576108 | Train R2: 0.5254 | Val R2: 0.2753 | Best Val R2: 0.3100
2025-05-28 22:54:06,354 - INFO - Epoch 22/200 | Train Loss: 0.139355 | Val Loss: 0.666087 | Train R2: 0.4426 | Val R2: 0.2157 | Best Val R2: 0.3100
2025-05-28 22:54:11,674 - INFO - Epoch 23/200 | Train Loss: 0.162921 | Val Loss: 0.747418 | Train R2: 0.3483 | Val R2: 0.2095 | Best Val R2: 0.3100
2025-05-28 22:54:16,755 - INFO - Epoch 24/200 | Train Loss: 0.173694 | Val Loss: 0.691194 | Train R2: 0.3052 | Val R2: 0.2570 | Best Val R2: 0.3100
2025-05-28 22:54:21,625 - INFO - Epoch 25/200 | Train Loss: 0.153838 | Val Loss: 0.569693 | Train R2: 0.3846 | Val R2: 0.3521 | Best Val R2: 0.3521
2025-05-28 22:54:27,059 - INFO - Epoch 26/200 | Train Loss: 0.134828 | Val Loss: 0.533670 | Train R2: 0.4607 | Val R2: 0.3873 | Best Val R2: 0.3873
2025-05-28 22:54:32,267 - INFO - Epoch 27/200 | Train Loss: 0.122004 | Val Loss: 0.559805 | Train R2: 0.5120 | Val R2: 0.3799 | Best Val R2: 0.3873
2025-05-28 22:54:37,511 - INFO - Epoch 28/200 | Train Loss: 0.120347 | Val Loss: 0.573335 | Train R2: 0.5186 | Val R2: 0.3751 | Best Val R2: 0.3873
2025-05-28 22:54:42,773 - INFO - Epoch 29/200 | Train Loss: 0.114972 | Val Loss: 0.568615 | Train R2: 0.5401 | Val R2: 0.3799 | Best Val R2: 0.3873
2025-05-28 22:54:47,913 - INFO - Epoch 30/200 | Train Loss: 0.113652 | Val Loss: 0.566266 | Train R2: 0.5454 | Val R2: 0.3816 | Best Val R2: 0.3873
2025-05-28 22:54:53,297 - INFO - Epoch 31/200 | Train Loss: 0.112270 | Val Loss: 0.629706 | Train R2: 0.5509 | Val R2: 0.2472 | Best Val R2: 0.3873
2025-05-28 22:54:58,827 - INFO - Epoch 32/200 | Train Loss: 0.152971 | Val Loss: 0.895087 | Train R2: 0.3881 | Val R2: -0.0179 | Best Val R2: 0.3873
2025-05-28 22:55:04,923 - INFO - Epoch 33/200 | Train Loss: 0.190570 | Val Loss: 0.641955 | Train R2: 0.2377 | Val R2: 0.3284 | Best Val R2: 0.3873
2025-05-28 22:55:09,989 - INFO - Epoch 34/200 | Train Loss: 0.141225 | Val Loss: 0.656202 | Train R2: 0.4351 | Val R2: 0.3379 | Best Val R2: 0.3873
2025-05-28 22:55:15,191 - INFO - Epoch 35/200 | Train Loss: 0.138172 | Val Loss: 0.513536 | Train R2: 0.4473 | Val R2: 0.4203 | Best Val R2: 0.4203
2025-05-28 22:55:20,239 - INFO - Epoch 36/200 | Train Loss: 0.115606 | Val Loss: 0.486101 | Train R2: 0.5376 | Val R2: 0.3934 | Best Val R2: 0.4203
2025-05-28 22:55:25,296 - INFO - Epoch 37/200 | Train Loss: 0.119736 | Val Loss: 0.501318 | Train R2: 0.5211 | Val R2: 0.4008 | Best Val R2: 0.4203
2025-05-28 22:55:30,724 - INFO - Epoch 38/200 | Train Loss: 0.112264 | Val Loss: 0.541394 | Train R2: 0.5509 | Val R2: 0.3933 | Best Val R2: 0.4203
2025-05-28 22:55:36,654 - INFO - Epoch 39/200 | Train Loss: 0.112603 | Val Loss: 0.556848 | Train R2: 0.5496 | Val R2: 0.3869 | Best Val R2: 0.4203
2025-05-28 22:55:41,810 - INFO - Epoch 40/200 | Train Loss: 0.114018 | Val Loss: 0.556130 | Train R2: 0.5439 | Val R2: 0.3877 | Best Val R2: 0.4203
2025-05-28 22:55:47,396 - INFO - Epoch 41/200 | Train Loss: 0.108868 | Val Loss: 0.490695 | Train R2: 0.5645 | Val R2: 0.4323 | Best Val R2: 0.4323
2025-05-28 22:55:53,001 - INFO - Epoch 42/200 | Train Loss: 0.105096 | Val Loss: 0.439088 | Train R2: 0.5796 | Val R2: 0.4787 | Best Val R2: 0.4787
2025-05-28 22:55:58,237 - INFO - Epoch 43/200 | Train Loss: 0.109208 | Val Loss: 0.451564 | Train R2: 0.5632 | Val R2: 0.4927 | Best Val R2: 0.4927
2025-05-28 22:56:03,478 - INFO - Epoch 44/200 | Train Loss: 0.107100 | Val Loss: 0.528303 | Train R2: 0.5716 | Val R2: 0.4336 | Best Val R2: 0.4927
2025-05-28 22:56:08,889 - INFO - Epoch 45/200 | Train Loss: 0.104076 | Val Loss: 0.512538 | Train R2: 0.5837 | Val R2: 0.4252 | Best Val R2: 0.4927
2025-05-28 22:56:14,016 - INFO - Epoch 46/200 | Train Loss: 0.109682 | Val Loss: 0.485508 | Train R2: 0.5613 | Val R2: 0.4346 | Best Val R2: 0.4927
2025-05-28 22:56:19,845 - INFO - Epoch 47/200 | Train Loss: 0.107380 | Val Loss: 0.475214 | Train R2: 0.5705 | Val R2: 0.4460 | Best Val R2: 0.4927
2025-05-28 22:56:26,098 - INFO - Epoch 48/200 | Train Loss: 0.097000 | Val Loss: 0.478506 | Train R2: 0.6120 | Val R2: 0.4497 | Best Val R2: 0.4927
2025-05-28 22:56:31,277 - INFO - Epoch 49/200 | Train Loss: 0.097628 | Val Loss: 0.487416 | Train R2: 0.6095 | Val R2: 0.4498 | Best Val R2: 0.4927
2025-05-28 22:56:36,691 - INFO - Epoch 50/200 | Train Loss: 0.094137 | Val Loss: 0.490381 | Train R2: 0.6235 | Val R2: 0.4494 | Best Val R2: 0.4927
2025-05-28 22:56:41,819 - INFO - Epoch 51/200 | Train Loss: 0.101666 | Val Loss: 0.594394 | Train R2: 0.5933 | Val R2: 0.3999 | Best Val R2: 0.4927
2025-05-28 22:56:46,652 - INFO - Epoch 52/200 | Train Loss: 0.103964 | Val Loss: 0.781868 | Train R2: 0.5841 | Val R2: 0.2518 | Best Val R2: 0.4927
2025-05-28 22:56:52,004 - INFO - Epoch 53/200 | Train Loss: 0.124595 | Val Loss: 0.663126 | Train R2: 0.5016 | Val R2: 0.3544 | Best Val R2: 0.4927
2025-05-28 22:56:57,284 - INFO - Epoch 54/200 | Train Loss: 0.111335 | Val Loss: 0.448441 | Train R2: 0.5547 | Val R2: 0.4804 | Best Val R2: 0.4927
2025-05-28 22:57:02,169 - INFO - Epoch 55/200 | Train Loss: 0.109591 | Val Loss: 0.434353 | Train R2: 0.5616 | Val R2: 0.4701 | Best Val R2: 0.4927
2025-05-28 22:57:07,611 - INFO - Epoch 56/200 | Train Loss: 0.109882 | Val Loss: 0.466242 | Train R2: 0.5605 | Val R2: 0.4500 | Best Val R2: 0.4927
2025-05-28 22:57:12,735 - INFO - Epoch 57/200 | Train Loss: 0.103265 | Val Loss: 0.486569 | Train R2: 0.5869 | Val R2: 0.4442 | Best Val R2: 0.4927
2025-05-28 22:57:17,881 - INFO - Epoch 58/200 | Train Loss: 0.101976 | Val Loss: 0.487539 | Train R2: 0.5921 | Val R2: 0.4531 | Best Val R2: 0.4927
2025-05-28 22:57:22,969 - INFO - Epoch 59/200 | Train Loss: 0.099905 | Val Loss: 0.492511 | Train R2: 0.6004 | Val R2: 0.4544 | Best Val R2: 0.4927
2025-05-28 22:57:27,868 - INFO - Epoch 60/200 | Train Loss: 0.099542 | Val Loss: 0.493787 | Train R2: 0.6018 | Val R2: 0.4544 | Best Val R2: 0.4927
2025-05-28 22:57:32,946 - INFO - Epoch 61/200 | Train Loss: 0.095975 | Val Loss: 0.529225 | Train R2: 0.6161 | Val R2: 0.4077 | Best Val R2: 0.4927
2025-05-28 22:57:38,147 - INFO - Epoch 62/200 | Train Loss: 0.098506 | Val Loss: 0.558183 | Train R2: 0.6060 | Val R2: 0.3600 | Best Val R2: 0.4927
2025-05-28 22:57:42,991 - INFO - Epoch 63/200 | Train Loss: 0.113434 | Val Loss: 0.570101 | Train R2: 0.5463 | Val R2: 0.4038 | Best Val R2: 0.4927
2025-05-28 22:57:47,740 - INFO - Epoch 64/200 | Train Loss: 0.101632 | Val Loss: 0.570400 | Train R2: 0.5935 | Val R2: 0.4004 | Best Val R2: 0.4927
2025-05-28 22:57:52,470 - INFO - Epoch 65/200 | Train Loss: 0.098572 | Val Loss: 0.543209 | Train R2: 0.6057 | Val R2: 0.4245 | Best Val R2: 0.4927
2025-05-28 22:57:57,634 - INFO - Epoch 66/200 | Train Loss: 0.090246 | Val Loss: 0.502385 | Train R2: 0.6390 | Val R2: 0.4563 | Best Val R2: 0.4927
2025-05-28 22:58:02,352 - INFO - Epoch 67/200 | Train Loss: 0.090208 | Val Loss: 0.496856 | Train R2: 0.6392 | Val R2: 0.4629 | Best Val R2: 0.4927
2025-05-28 22:58:07,073 - INFO - Epoch 68/200 | Train Loss: 0.084527 | Val Loss: 0.528068 | Train R2: 0.6619 | Val R2: 0.4529 | Best Val R2: 0.4927
2025-05-28 22:58:11,975 - INFO - Epoch 69/200 | Train Loss: 0.082113 | Val Loss: 0.547696 | Train R2: 0.6715 | Val R2: 0.4440 | Best Val R2: 0.4927
2025-05-28 22:58:17,059 - INFO - Epoch 70/200 | Train Loss: 0.085252 | Val Loss: 0.549726 | Train R2: 0.6590 | Val R2: 0.4435 | Best Val R2: 0.4927
2025-05-28 22:58:21,661 - INFO - Epoch 71/200 | Train Loss: 0.083797 | Val Loss: 0.510132 | Train R2: 0.6648 | Val R2: 0.4598 | Best Val R2: 0.4927
2025-05-28 22:58:26,449 - INFO - Epoch 72/200 | Train Loss: 0.081178 | Val Loss: 0.504374 | Train R2: 0.6753 | Val R2: 0.4486 | Best Val R2: 0.4927
2025-05-28 22:58:31,441 - INFO - Epoch 73/200 | Train Loss: 0.087483 | Val Loss: 0.523486 | Train R2: 0.6501 | Val R2: 0.4707 | Best Val R2: 0.4927
2025-05-28 22:58:31,443 - INFO - Early stopping at epoch 73
2025-05-28 22:58:31,568 - INFO - TransformerWithFixedToken 验证集还原后指标: {'R2': 0.49271305838020785, 'MAE': 28.327066, 'MAPE': 0.09419899}
2025-05-28 22:58:31,642 - INFO - 使用 ImprovedTransformer 模型, hidden_dim=128, nhead=8, num_layers=3
2025-05-28 22:58:35,637 - INFO - Epoch 1/200 | Train Loss: 0.285249 | Val Loss: 1.145076 | Train R2: -0.1204 | Val R2: -0.2212 | Best Val R2: -0.2212
2025-05-28 22:58:39,434 - INFO - Epoch 2/200 | Train Loss: 0.320214 | Val Loss: 0.907308 | Train R2: -0.3359 | Val R2: -0.0103 | Best Val R2: -0.0103
2025-05-28 22:58:43,119 - INFO - Epoch 3/200 | Train Loss: 0.252116 | Val Loss: 0.908695 | Train R2: -0.0142 | Val R2: 0.0061 | Best Val R2: 0.0061
2025-05-28 22:58:46,718 - INFO - Epoch 4/200 | Train Loss: 0.251515 | Val Loss: 0.909086 | Train R2: 0.0166 | Val R2: 0.0040 | Best Val R2: 0.0061
2025-05-28 22:58:50,154 - INFO - Epoch 5/200 | Train Loss: 0.251736 | Val Loss: 0.909177 | Train R2: 0.0201 | Val R2: -0.0016 | Best Val R2: 0.0061
2025-05-28 22:58:53,646 - INFO - Epoch 6/200 | Train Loss: 0.251238 | Val Loss: 0.909056 | Train R2: 0.0124 | Val R2: 0.0028 | Best Val R2: 0.0061
2025-05-28 22:58:57,439 - INFO - Epoch 7/200 | Train Loss: 0.252518 | Val Loss: 0.909784 | Train R2: -0.0030 | Val R2: 0.0040 | Best Val R2: 0.0061
2025-05-28 22:59:01,004 - INFO - Epoch 8/200 | Train Loss: 0.252264 | Val Loss: 0.908848 | Train R2: 0.0007 | Val R2: -0.0013 | Best Val R2: 0.0061
2025-05-28 22:59:07,710 - INFO - Epoch 9/200 | Train Loss: 0.250963 | Val Loss: 0.909593 | Train R2: 0.0097 | Val R2: -0.0061 | Best Val R2: 0.0061
2025-05-28 22:59:15,690 - INFO - Epoch 10/200 | Train Loss: 0.250464 | Val Loss: 0.909955 | Train R2: 0.0133 | Val R2: -0.0076 | Best Val R2: 0.0061
2025-05-28 22:59:22,753 - INFO - Epoch 11/200 | Train Loss: 0.250781 | Val Loss: 0.966025 | Train R2: 0.0085 | Val R2: -0.1083 | Best Val R2: 0.0061
2025-05-28 22:59:30,782 - INFO - Epoch 12/200 | Train Loss: 0.257999 | Val Loss: 0.997604 | Train R2: -0.0193 | Val R2: -0.1553 | Best Val R2: 0.0061
2025-05-28 22:59:40,051 - INFO - Epoch 13/200 | Train Loss: 0.263319 | Val Loss: 0.965952 | Train R2: -0.0545 | Val R2: -0.1090 | Best Val R2: 0.0061
2025-05-28 22:59:47,858 - INFO - Epoch 14/200 | Train Loss: 0.257444 | Val Loss: 0.925719 | Train R2: -0.0187 | Val R2: -0.0452 | Best Val R2: 0.0061
2025-05-28 22:59:54,832 - INFO - Epoch 15/200 | Train Loss: 0.253104 | Val Loss: 0.909998 | Train R2: -0.0069 | Val R2: -0.0074 | Best Val R2: 0.0061
2025-05-28 23:00:00,771 - INFO - Epoch 16/200 | Train Loss: 0.251369 | Val Loss: 0.910380 | Train R2: 0.0150 | Val R2: -0.0096 | Best Val R2: 0.0061
2025-05-28 23:00:07,067 - INFO - Epoch 17/200 | Train Loss: 0.250761 | Val Loss: 0.913420 | Train R2: 0.0041 | Val R2: -0.0201 | Best Val R2: 0.0061
2025-05-28 23:00:13,699 - INFO - Epoch 18/200 | Train Loss: 0.250204 | Val Loss: 0.917904 | Train R2: 0.0072 | Val R2: -0.0310 | Best Val R2: 0.0061
2025-05-28 23:00:18,850 - INFO - Epoch 19/200 | Train Loss: 0.250846 | Val Loss: 0.920304 | Train R2: -0.0041 | Val R2: -0.0360 | Best Val R2: 0.0061
2025-05-28 23:00:23,587 - INFO - Epoch 20/200 | Train Loss: 0.250892 | Val Loss: 0.920664 | Train R2: 0.0028 | Val R2: -0.0367 | Best Val R2: 0.0061
2025-05-28 23:00:28,491 - INFO - Epoch 21/200 | Train Loss: 0.250972 | Val Loss: 0.910976 | Train R2: 0.0040 | Val R2: -0.0128 | Best Val R2: 0.0061
2025-05-28 23:00:34,523 - INFO - Epoch 22/200 | Train Loss: 0.251707 | Val Loss: 0.912445 | Train R2: 0.0007 | Val R2: 0.0034 | Best Val R2: 0.0061
2025-05-28 23:00:39,222 - INFO - Epoch 23/200 | Train Loss: 0.253070 | Val Loss: 0.909766 | Train R2: -0.0030 | Val R2: -0.0007 | Best Val R2: 0.0061
2025-05-28 23:00:43,761 - INFO - Epoch 24/200 | Train Loss: 0.251654 | Val Loss: 0.914315 | Train R2: 0.0167 | Val R2: -0.0173 | Best Val R2: 0.0061
2025-05-28 23:00:48,413 - INFO - Epoch 25/200 | Train Loss: 0.250501 | Val Loss: 0.915424 | Train R2: 0.0122 | Val R2: -0.0192 | Best Val R2: 0.0061
2025-05-28 23:00:54,665 - INFO - Epoch 26/200 | Train Loss: 0.250433 | Val Loss: 0.914091 | Train R2: 0.0173 | Val R2: -0.0148 | Best Val R2: 0.0061
2025-05-28 23:01:00,081 - INFO - Epoch 27/200 | Train Loss: 0.250520 | Val Loss: 0.913530 | Train R2: 0.0193 | Val R2: -0.0128 | Best Val R2: 0.0061
2025-05-28 23:01:04,628 - INFO - Epoch 28/200 | Train Loss: 0.250247 | Val Loss: 0.911880 | Train R2: 0.0173 | Val R2: -0.0080 | Best Val R2: 0.0061
2025-05-28 23:01:09,285 - INFO - Epoch 29/200 | Train Loss: 0.250514 | Val Loss: 0.911052 | Train R2: 0.0137 | Val R2: -0.0049 | Best Val R2: 0.0061
2025-05-28 23:01:13,804 - INFO - Epoch 30/200 | Train Loss: 0.249969 | Val Loss: 0.910926 | Train R2: 0.0135 | Val R2: -0.0043 | Best Val R2: 0.0061
2025-05-28 23:01:18,554 - INFO - Epoch 31/200 | Train Loss: 0.250516 | Val Loss: 0.910592 | Train R2: 0.0177 | Val R2: 0.0007 | Best Val R2: 0.0061
2025-05-28 23:01:23,603 - INFO - Epoch 32/200 | Train Loss: 0.250937 | Val Loss: 0.910743 | Train R2: 0.0150 | Val R2: 0.0110 | Best Val R2: 0.0110
2025-05-28 23:01:28,340 - INFO - Epoch 33/200 | Train Loss: 0.251737 | Val Loss: 0.910605 | Train R2: 0.0128 | Val R2: 0.0071 | Best Val R2: 0.0110
2025-05-28 23:01:33,090 - INFO - Epoch 34/200 | Train Loss: 0.250630 | Val Loss: 0.918597 | Train R2: 0.0223 | Val R2: -0.0181 | Best Val R2: 0.0110
2025-05-28 23:01:37,884 - INFO - Epoch 35/200 | Train Loss: 0.250771 | Val Loss: 0.929852 | Train R2: 0.0148 | Val R2: -0.0438 | Best Val R2: 0.0110
2025-05-28 23:01:42,538 - INFO - Epoch 36/200 | Train Loss: 0.251818 | Val Loss: 0.928082 | Train R2: 0.0161 | Val R2: -0.0426 | Best Val R2: 0.0110
2025-05-28 23:01:47,095 - INFO - Epoch 37/200 | Train Loss: 0.251802 | Val Loss: 0.922377 | Train R2: 0.0112 | Val R2: -0.0327 | Best Val R2: 0.0110
2025-05-28 23:01:51,951 - INFO - Epoch 38/200 | Train Loss: 0.250945 | Val Loss: 0.919894 | Train R2: 0.0184 | Val R2: -0.0282 | Best Val R2: 0.0110
2025-05-28 23:01:58,254 - INFO - Epoch 39/200 | Train Loss: 0.250872 | Val Loss: 0.919548 | Train R2: 0.0166 | Val R2: -0.0276 | Best Val R2: 0.0110
2025-05-28 23:02:04,006 - INFO - Epoch 40/200 | Train Loss: 0.250976 | Val Loss: 0.919209 | Train R2: 0.0123 | Val R2: -0.0270 | Best Val R2: 0.0110
2025-05-28 23:02:09,584 - INFO - Epoch 41/200 | Train Loss: 0.251149 | Val Loss: 0.916268 | Train R2: 0.0100 | Val R2: -0.0214 | Best Val R2: 0.0110
2025-05-28 23:02:14,542 - INFO - Epoch 42/200 | Train Loss: 0.250416 | Val Loss: 0.915459 | Train R2: 0.0229 | Val R2: -0.0205 | Best Val R2: 0.0110
2025-05-28 23:02:19,826 - INFO - Epoch 43/200 | Train Loss: 0.250714 | Val Loss: 0.914363 | Train R2: 0.0182 | Val R2: -0.0179 | Best Val R2: 0.0110
2025-05-28 23:02:24,355 - INFO - Epoch 44/200 | Train Loss: 0.250152 | Val Loss: 0.914312 | Train R2: 0.0140 | Val R2: -0.0174 | Best Val R2: 0.0110
2025-05-28 23:02:28,564 - INFO - Epoch 45/200 | Train Loss: 0.250918 | Val Loss: 0.916196 | Train R2: 0.0079 | Val R2: -0.0216 | Best Val R2: 0.0110
2025-05-28 23:02:33,192 - INFO - Epoch 46/200 | Train Loss: 0.250275 | Val Loss: 0.913939 | Train R2: 0.0164 | Val R2: -0.0156 | Best Val R2: 0.0110
2025-05-28 23:02:37,384 - INFO - Epoch 47/200 | Train Loss: 0.250351 | Val Loss: 0.912008 | Train R2: 0.0165 | Val R2: -0.0100 | Best Val R2: 0.0110
2025-05-28 23:02:41,873 - INFO - Epoch 48/200 | Train Loss: 0.250403 | Val Loss: 0.911141 | Train R2: 0.0142 | Val R2: -0.0070 | Best Val R2: 0.0110
2025-05-28 23:02:47,581 - INFO - Epoch 49/200 | Train Loss: 0.250397 | Val Loss: 0.910895 | Train R2: 0.0185 | Val R2: -0.0061 | Best Val R2: 0.0110
2025-05-28 23:02:53,683 - INFO - Epoch 50/200 | Train Loss: 0.250396 | Val Loss: 0.910911 | Train R2: 0.0152 | Val R2: -0.0061 | Best Val R2: 0.0110
2025-05-28 23:02:58,731 - INFO - Epoch 51/200 | Train Loss: 0.250619 | Val Loss: 0.911868 | Train R2: 0.0111 | Val R2: -0.0081 | Best Val R2: 0.0110
2025-05-28 23:03:04,487 - INFO - Epoch 52/200 | Train Loss: 0.250282 | Val Loss: 0.915865 | Train R2: 0.0140 | Val R2: -0.0175 | Best Val R2: 0.0110
2025-05-28 23:03:09,010 - INFO - Epoch 53/200 | Train Loss: 0.250187 | Val Loss: 0.914378 | Train R2: 0.0196 | Val R2: -0.0157 | Best Val R2: 0.0110
2025-05-28 23:03:13,321 - INFO - Epoch 54/200 | Train Loss: 0.250007 | Val Loss: 0.910116 | Train R2: 0.0216 | Val R2: 0.0005 | Best Val R2: 0.0110
2025-05-28 23:03:17,623 - INFO - Epoch 55/200 | Train Loss: 0.251296 | Val Loss: 0.910442 | Train R2: 0.0127 | Val R2: 0.0080 | Best Val R2: 0.0110
2025-05-28 23:03:22,381 - INFO - Epoch 56/200 | Train Loss: 0.251615 | Val Loss: 0.910801 | Train R2: 0.0146 | Val R2: 0.0046 | Best Val R2: 0.0110
2025-05-28 23:03:27,247 - INFO - Epoch 57/200 | Train Loss: 0.250835 | Val Loss: 0.912991 | Train R2: 0.0155 | Val R2: -0.0028 | Best Val R2: 0.0110
2025-05-28 23:03:33,354 - INFO - Epoch 58/200 | Train Loss: 0.250297 | Val Loss: 0.916279 | Train R2: 0.0235 | Val R2: -0.0111 | Best Val R2: 0.0110
2025-05-28 23:03:37,842 - INFO - Epoch 59/200 | Train Loss: 0.250406 | Val Loss: 0.918479 | Train R2: 0.0238 | Val R2: -0.0164 | Best Val R2: 0.0110
2025-05-28 23:03:42,034 - INFO - Epoch 60/200 | Train Loss: 0.250582 | Val Loss: 0.919213 | Train R2: 0.0266 | Val R2: -0.0181 | Best Val R2: 0.0110
2025-05-28 23:03:46,276 - INFO - Epoch 61/200 | Train Loss: 0.250772 | Val Loss: 0.923457 | Train R2: 0.0187 | Val R2: -0.0289 | Best Val R2: 0.0110
2025-05-28 23:03:50,850 - INFO - Epoch 62/200 | Train Loss: 0.250995 | Val Loss: 0.921984 | Train R2: 0.0156 | Val R2: -0.0314 | Best Val R2: 0.0110
2025-05-28 23:03:50,855 - INFO - Early stopping at epoch 62
2025-05-28 23:03:50,970 - INFO - ImprovedTransformer 验证集还原后指标: {'R2': 0.01097141338960872, 'MAE': 40.171326, 'MAPE': 0.1378429}
2025-05-28 23:03:50,973 - INFO - 最优模型: TransformerWithFixedToken, 验证集指标: {'R2': 0.49271305838020785, 'MAE': 28.327066, 'MAPE': 0.09419899}
2025-05-28 23:03:50,975 - INFO - 程序执行完成
2025-05-28 23:03:57,486 - WARNING - No Grad-CAM data available
2025-05-28 23:04:11,125 - INFO - 最优模型前2个样本的Grad-CAM和注意力权重图片已输出到visualizations目录
2025-05-28 23:06:34,747 - WARNING - DeepExplainer failed for fixed features, switching to KernelExplainer: The SHAP explanations do not sum up to the model's output! This is either because of a rounding error or because an operator in your computation graph was not fully supported. If the sum difference of %f is significant compared to the scale of your model outputs, please post as a github issue, with a reproducible example so we can debug it. Used framework: pytorch - Max. diff: 1.4887839928269386 - Tolerance: 0.01
2025-05-28 23:06:34,993 - INFO - num_full_subsets = 1
2025-05-28 23:06:35,354 - INFO - phi = array([-0.0207459 , -0.00597987,  0.3403925 ])
2025-05-28 23:06:35,441 - INFO - num_full_subsets = 1
2025-05-28 23:06:35,827 - INFO - phi = array([ 0.11395915, -0.06204049, -0.27963644])
2025-05-28 23:06:35,907 - INFO - num_full_subsets = 1
2025-05-28 23:06:36,254 - INFO - phi = array([-0.0613999 ,  0.0324543 , -0.07765948])
2025-05-28 23:06:36,341 - INFO - num_full_subsets = 1
2025-05-28 23:06:36,735 - INFO - phi = array([ 0.09110793, -0.10547713, -0.06933678])
2025-05-28 23:06:36,837 - INFO - num_full_subsets = 1
2025-05-28 23:06:37,236 - INFO - phi = array([-0.51493968, -0.03729326, -0.15569706])
2025-05-28 23:09:09,020 - WARNING - DeepExplainer failed for sequence features, switching to KernelExplainer: The SHAP explanations do not sum up to the model's output! This is either because of a rounding error or because an operator in your computation graph was not fully supported. If the sum difference of %f is significant compared to the scale of your model outputs, please post as a github issue, with a reproducible example so we can debug it. Used framework: pytorch - Max. diff: 0.048775951255663585 - Tolerance: 0.01
2025-05-28 23:09:09,628 - INFO - num_full_subsets = 1
2025-05-28 23:09:09,633 - INFO - remaining_weight_vector = array([0.14698953, 0.09999288, 0.07655705, 0.06254874, 0.05325708,
       0.04666334, 0.04175839, 0.03798179, 0.03499751, 0.03259191,
       0.03062282, 0.02899202, 0.02762961, 0.0264846 , 0.02551902,
       0.02470412, 0.0240179 , 0.02344331, 0.02296711, 0.02257904,
       0.02227114, 0.02203741, 0.02187344, 0.02177623, 0.02174401])
2025-05-28 23:09:09,635 - INFO - num_paired_subset_sizes = 25
2025-05-28 23:09:10,084 - INFO - weight_left = 0.7743637981496906
2025-05-28 23:11:24,280 - INFO - np.sum(w_aug) = 52.0
2025-05-28 23:11:24,283 - INFO - np.sum(self.kernelWeights) = 1.0
2025-05-28 23:11:25,628 - INFO - phi = array([ 2.22653195e-04, -5.56673322e-03,  6.30313112e-04, -2.72115407e-03,
        1.64363022e-04, -7.15622284e-04,  1.24919988e-04, -2.61463030e-04,
        1.40747234e-04,  0.00000000e+00,  6.69347135e-05,  0.00000000e+00,
        6.18384074e-05,  0.00000000e+00,  2.91742952e-05, -1.33360349e-04,
        0.00000000e+00,  1.16751598e-03,  0.00000000e+00,  8.34303890e-04,
       -1.99678328e-04,  8.92682083e-04,  0.00000000e+00,  9.02834946e-04,
       -2.69549335e-06,  9.96133887e-04,  0.00000000e+00,  7.67988330e-04,
        1.34169517e-04,  5.85185852e-04,  0.00000000e+00,  5.29838911e-04,
        0.00000000e+00,  2.73598535e-04,  0.00000000e+00,  3.09393292e-04,
        9.01887758e-05,  0.00000000e+00,  0.00000000e+00, -3.40065639e-04,
        2.01814582e-04,  1.61359904e-04,  1.39714425e-04,  0.00000000e+00,
        4.42787817e-05,  0.00000000e+00,  1.35732137e-04,  0.00000000e+00,
        1.11906100e-04, -1.75544004e-04,  1.98570925e-04,  0.00000000e+00])
2025-05-28 23:11:28,065 - INFO - num_full_subsets = 1
2025-05-28 23:11:28,072 - INFO - remaining_weight_vector = array([0.14698953, 0.09999288, 0.07655705, 0.06254874, 0.05325708,
       0.04666334, 0.04175839, 0.03798179, 0.03499751, 0.03259191,
       0.03062282, 0.02899202, 0.02762961, 0.0264846 , 0.02551902,
       0.02470412, 0.0240179 , 0.02344331, 0.02296711, 0.02257904,
       0.02227114, 0.02203741, 0.02187344, 0.02177623, 0.02174401])
2025-05-28 23:11:28,077 - INFO - num_paired_subset_sizes = 25
2025-05-28 23:11:28,818 - INFO - weight_left = 0.7743637981496906
2025-05-28 23:14:13,833 - INFO - np.sum(w_aug) = 52.0
2025-05-28 23:14:13,851 - INFO - np.sum(self.kernelWeights) = 1.0
2025-05-28 23:14:34,374 - INFO - phi = array([-2.70608304e-04, -1.39970583e-03,  2.00828267e-04,  1.10426538e-02,
        0.00000000e+00,  1.14085977e-03,  0.00000000e+00, -1.06642416e-03,
        0.00000000e+00, -9.55726795e-04, -7.14245110e-05, -6.72180915e-04,
        0.00000000e+00, -4.92390058e-04,  0.00000000e+00, -6.99848303e-04,
        0.00000000e+00, -6.71630034e-04, -7.41252823e-05, -7.48513039e-04,
        0.00000000e+00, -5.00004265e-04,  0.00000000e+00, -8.43385399e-04,
       -1.22707699e-04, -8.15905828e-04, -5.95969872e-05, -8.54084675e-04,
        1.52309181e-04, -9.67586186e-04,  0.00000000e+00, -4.79921470e-04,
        3.06640386e-04, -4.81159691e-04, -4.34157897e-05, -5.96461859e-04,
        0.00000000e+00, -3.20563792e-04,  0.00000000e+00, -5.23872673e-04,
        0.00000000e+00,  6.30878222e-04,  0.00000000e+00, -2.27612676e-04,
        0.00000000e+00, -4.53802820e-05,  0.00000000e+00, -4.18528492e-04,
        0.00000000e+00, -5.62620425e-04,  0.00000000e+00, -1.95300987e-04])
2025-05-28 23:14:37,128 - INFO - num_full_subsets = 1
2025-05-28 23:14:37,141 - INFO - remaining_weight_vector = array([0.14698953, 0.09999288, 0.07655705, 0.06254874, 0.05325708,
       0.04666334, 0.04175839, 0.03798179, 0.03499751, 0.03259191,
       0.03062282, 0.02899202, 0.02762961, 0.0264846 , 0.02551902,
       0.02470412, 0.0240179 , 0.02344331, 0.02296711, 0.02257904,
       0.02227114, 0.02203741, 0.02187344, 0.02177623, 0.02174401])
2025-05-28 23:14:37,145 - INFO - num_paired_subset_sizes = 25
2025-05-28 23:14:37,914 - INFO - weight_left = 0.7743637981496906
