2025-05-28 15:36:17,065 - INFO - Using device: cpu
2025-05-28 15:36:17,162 - INFO - 数据加载成功
2025-05-28 15:36:17,164 - INFO - BirdsVariety 标准化前: ['Cobb', 'SZ901Plus', 'SZ901PLUS', 'SZ901/\nSZ901PLUS', 'SZ901', 'SZ901Plus/SZ901', 'Cobb500', 'SZ901plus', 'SZ901\nSZ901plus', 'SZ901 PIUS', 'SZ901\nSZ901Plus', 'Cobb 500', '901.0', 'SZ901/901plus', '901plus', 'CObb', 'cobb', 'SZ901 Plus', 'SZ901 PLUS', '901Plus']
2025-05-28 15:36:17,165 - INFO - BirdsVariety 标准化后: ['Cobb', 'SZ901 Plus']
2025-05-28 15:36:17,165 - INFO - BirdsVariety 编码: {'Cobb': 0, 'SZ901 Plus': 1}
2025-05-28 15:36:17,166 - INFO - FarmSupervisor 编码: {'丁家宝': 0, '余涛': 1, '公赔河': 2, '刘乾乾': 3, '史成志': 4, '姚闯': 5, '张换吉': 6, '张明明': 7, '张玉风': 8, '戈兆康': 9, '李明': 10, '李芳昌': 11, '李荣': 12, '李豪': 13, '杨健健': 14, '杨文杰': 15, '王勇': 16, '王志远': 17, '罗冲': 18, '薄明龙': 19, '陈智': 20, '陈铁楠': 21, '高阳阳': 22}
2025-05-28 15:36:17,175 - INFO - 训练集大小: 323, 批次数量: 6
2025-05-28 15:36:17,177 - INFO - 验证集大小: 81, 批次数量: 2
2025-05-28 15:36:17,188 - INFO - 使用 TransformerWithPostFusion 模型, hidden_dim=128, nhead=8, num_layers=3
2025-05-28 15:36:19,641 - INFO - Epoch 1/200 | Train Loss: 0.532060 | Val Loss: 1.576059 | Train R2: -1.1566 | Val R2: -0.9224 | Best Val R2: -0.9224
2025-05-28 15:36:19,981 - INFO - Epoch 2/200 | Train Loss: 0.428204 | Val Loss: 1.032906 | Train R2: -0.8652 | Val R2: -0.1784 | Best Val R2: -0.1784
2025-05-28 15:36:20,353 - INFO - Epoch 3/200 | Train Loss: 0.353742 | Val Loss: 1.053614 | Train R2: -0.4497 | Val R2: -0.2500 | Best Val R2: -0.1784
2025-05-28 15:36:20,797 - INFO - Epoch 4/200 | Train Loss: 0.337649 | Val Loss: 1.014406 | Train R2: -0.3859 | Val R2: -0.1704 | Best Val R2: -0.1704
2025-05-28 15:36:21,397 - INFO - Epoch 5/200 | Train Loss: 0.326345 | Val Loss: 0.945451 | Train R2: -0.3349 | Val R2: -0.0294 | Best Val R2: -0.0294
2025-05-28 15:36:21,939 - INFO - Epoch 6/200 | Train Loss: 0.313696 | Val Loss: 0.935987 | Train R2: -0.2248 | Val R2: -0.0015 | Best Val R2: -0.0015
2025-05-28 15:36:22,315 - INFO - Epoch 7/200 | Train Loss: 0.306647 | Val Loss: 0.935546 | Train R2: -0.1786 | Val R2: -0.0128 | Best Val R2: -0.0015
2025-05-28 15:36:22,841 - INFO - Epoch 8/200 | Train Loss: 0.300820 | Val Loss: 0.937242 | Train R2: -0.1670 | Val R2: -0.0214 | Best Val R2: -0.0015
2025-05-28 15:36:23,292 - INFO - Epoch 9/200 | Train Loss: 0.294383 | Val Loss: 0.934334 | Train R2: -0.1053 | Val R2: -0.0191 | Best Val R2: -0.0015
2025-05-28 15:36:23,815 - INFO - Epoch 10/200 | Train Loss: 0.293257 | Val Loss: 0.933244 | Train R2: -0.1715 | Val R2: -0.0177 | Best Val R2: -0.0015
2025-05-28 15:36:24,198 - INFO - Epoch 11/200 | Train Loss: 0.297509 | Val Loss: 0.935506 | Train R2: -0.2106 | Val R2: -0.0060 | Best Val R2: -0.0015
2025-05-28 15:36:24,682 - INFO - Epoch 12/200 | Train Loss: 0.298438 | Val Loss: 0.968573 | Train R2: -0.2277 | Val R2: -0.0686 | Best Val R2: -0.0015
2025-05-28 15:36:25,042 - INFO - Epoch 13/200 | Train Loss: 0.306565 | Val Loss: 0.954178 | Train R2: -0.2858 | Val R2: -0.0991 | Best Val R2: -0.0015
2025-05-28 15:36:25,692 - INFO - Epoch 14/200 | Train Loss: 0.293206 | Val Loss: 0.994991 | Train R2: -0.1996 | Val R2: -0.1681 | Best Val R2: -0.0015
2025-05-28 15:36:26,260 - INFO - Epoch 15/200 | Train Loss: 0.286327 | Val Loss: 0.982534 | Train R2: -0.1949 | Val R2: -0.1443 | Best Val R2: -0.0015
2025-05-28 15:36:26,832 - INFO - Epoch 16/200 | Train Loss: 0.291019 | Val Loss: 0.944193 | Train R2: -0.1880 | Val R2: -0.0784 | Best Val R2: -0.0015
2025-05-28 15:36:27,411 - INFO - Epoch 17/200 | Train Loss: 0.277193 | Val Loss: 0.925002 | Train R2: -0.0822 | Val R2: -0.0371 | Best Val R2: -0.0015
2025-05-28 15:36:28,022 - INFO - Epoch 18/200 | Train Loss: 0.278811 | Val Loss: 0.922125 | Train R2: -0.0743 | Val R2: -0.0242 | Best Val R2: -0.0015
2025-05-28 15:36:28,542 - INFO - Epoch 19/200 | Train Loss: 0.282396 | Val Loss: 0.922218 | Train R2: -0.1795 | Val R2: -0.0215 | Best Val R2: -0.0015
2025-05-28 15:36:29,132 - INFO - Epoch 20/200 | Train Loss: 0.274969 | Val Loss: 0.922427 | Train R2: -0.1065 | Val R2: -0.0215 | Best Val R2: -0.0015
2025-05-28 15:36:29,672 - INFO - Epoch 21/200 | Train Loss: 0.273691 | Val Loss: 0.936385 | Train R2: -0.1553 | Val R2: -0.0463 | Best Val R2: -0.0015
2025-05-28 15:36:30,168 - INFO - Epoch 22/200 | Train Loss: 0.275371 | Val Loss: 0.941203 | Train R2: -0.1038 | Val R2: -0.0463 | Best Val R2: -0.0015
2025-05-28 15:36:30,684 - INFO - Epoch 23/200 | Train Loss: 0.273081 | Val Loss: 0.921651 | Train R2: -0.0763 | Val R2: -0.0064 | Best Val R2: -0.0015
2025-05-28 15:36:31,089 - INFO - Epoch 24/200 | Train Loss: 0.273020 | Val Loss: 0.918664 | Train R2: -0.1098 | Val R2: 0.0078 | Best Val R2: 0.0078
2025-05-28 15:36:31,547 - INFO - Epoch 25/200 | Train Loss: 0.269237 | Val Loss: 0.920525 | Train R2: -0.0820 | Val R2: 0.0003 | Best Val R2: 0.0078
2025-05-28 15:36:31,976 - INFO - Epoch 26/200 | Train Loss: 0.268668 | Val Loss: 0.924191 | Train R2: -0.1011 | Val R2: -0.0095 | Best Val R2: 0.0078
2025-05-28 15:36:32,529 - INFO - Epoch 27/200 | Train Loss: 0.273119 | Val Loss: 0.923488 | Train R2: -0.0985 | Val R2: -0.0087 | Best Val R2: 0.0078
2025-05-28 15:36:33,107 - INFO - Epoch 28/200 | Train Loss: 0.268928 | Val Loss: 0.922275 | Train R2: -0.0277 | Val R2: -0.0061 | Best Val R2: 0.0078
2025-05-28 15:36:33,682 - INFO - Epoch 29/200 | Train Loss: 0.266170 | Val Loss: 0.921764 | Train R2: -0.0578 | Val R2: -0.0054 | Best Val R2: 0.0078
2025-05-28 15:36:34,292 - INFO - Epoch 30/200 | Train Loss: 0.267303 | Val Loss: 0.921670 | Train R2: -0.0408 | Val R2: -0.0052 | Best Val R2: 0.0078
2025-05-28 15:36:34,852 - INFO - Epoch 31/200 | Train Loss: 0.268795 | Val Loss: 0.922387 | Train R2: -0.0715 | Val R2: -0.0070 | Best Val R2: 0.0078
2025-05-28 15:36:35,362 - INFO - Epoch 32/200 | Train Loss: 0.270767 | Val Loss: 0.917083 | Train R2: -0.0872 | Val R2: 0.0056 | Best Val R2: 0.0078
2025-05-28 15:36:35,892 - INFO - Epoch 33/200 | Train Loss: 0.263407 | Val Loss: 0.914677 | Train R2: -0.0414 | Val R2: 0.0150 | Best Val R2: 0.0150
2025-05-28 15:36:36,332 - INFO - Epoch 34/200 | Train Loss: 0.267832 | Val Loss: 0.914650 | Train R2: -0.0605 | Val R2: 0.0254 | Best Val R2: 0.0254
2025-05-28 15:36:36,738 - INFO - Epoch 35/200 | Train Loss: 0.265763 | Val Loss: 0.913400 | Train R2: -0.0431 | Val R2: 0.0207 | Best Val R2: 0.0254
2025-05-28 15:36:37,147 - INFO - Epoch 36/200 | Train Loss: 0.265929 | Val Loss: 0.914278 | Train R2: -0.0431 | Val R2: 0.0147 | Best Val R2: 0.0254
2025-05-28 15:36:37,615 - INFO - Epoch 37/200 | Train Loss: 0.265380 | Val Loss: 0.916286 | Train R2: 0.0381 | Val R2: 0.0079 | Best Val R2: 0.0254
2025-05-28 15:36:38,088 - INFO - Epoch 38/200 | Train Loss: 0.264563 | Val Loss: 0.915788 | Train R2: -0.0118 | Val R2: 0.0086 | Best Val R2: 0.0254
2025-05-28 15:36:38,518 - INFO - Epoch 39/200 | Train Loss: 0.261109 | Val Loss: 0.915557 | Train R2: 0.0100 | Val R2: 0.0095 | Best Val R2: 0.0254
2025-05-28 15:36:38,932 - INFO - Epoch 40/200 | Train Loss: 0.265237 | Val Loss: 0.915323 | Train R2: -0.0351 | Val R2: 0.0102 | Best Val R2: 0.0254
2025-05-28 15:36:39,439 - INFO - Epoch 41/200 | Train Loss: 0.262634 | Val Loss: 0.915154 | Train R2: -0.0522 | Val R2: 0.0129 | Best Val R2: 0.0254
2025-05-28 15:36:40,032 - INFO - Epoch 42/200 | Train Loss: 0.263675 | Val Loss: 0.919900 | Train R2: -0.0600 | Val R2: 0.0027 | Best Val R2: 0.0254
2025-05-28 15:36:40,562 - INFO - Epoch 43/200 | Train Loss: 0.260539 | Val Loss: 0.920614 | Train R2: -0.0160 | Val R2: 0.0007 | Best Val R2: 0.0254
2025-05-28 15:36:41,165 - INFO - Epoch 44/200 | Train Loss: 0.262231 | Val Loss: 0.916029 | Train R2: 0.0003 | Val R2: 0.0065 | Best Val R2: 0.0254
2025-05-28 15:36:41,772 - INFO - Epoch 45/200 | Train Loss: 0.264991 | Val Loss: 0.912261 | Train R2: -0.0143 | Val R2: 0.0074 | Best Val R2: 0.0254
2025-05-28 15:36:42,410 - INFO - Epoch 46/200 | Train Loss: 0.263809 | Val Loss: 0.909534 | Train R2: -0.0385 | Val R2: 0.0036 | Best Val R2: 0.0254
2025-05-28 15:36:42,893 - INFO - Epoch 47/200 | Train Loss: 0.260978 | Val Loss: 0.908324 | Train R2: -0.0301 | Val R2: -0.0009 | Best Val R2: 0.0254
2025-05-28 15:36:43,292 - INFO - Epoch 48/200 | Train Loss: 0.262335 | Val Loss: 0.908437 | Train R2: -0.0696 | Val R2: -0.0051 | Best Val R2: 0.0254
2025-05-28 15:36:43,768 - INFO - Epoch 49/200 | Train Loss: 0.261548 | Val Loss: 0.908836 | Train R2: -0.0667 | Val R2: -0.0074 | Best Val R2: 0.0254
2025-05-28 15:36:44,189 - INFO - Epoch 50/200 | Train Loss: 0.260493 | Val Loss: 0.908972 | Train R2: -0.0352 | Val R2: -0.0080 | Best Val R2: 0.0254
2025-05-28 15:36:44,583 - INFO - Epoch 51/200 | Train Loss: 0.262260 | Val Loss: 0.913885 | Train R2: -0.0798 | Val R2: -0.0179 | Best Val R2: 0.0254
2025-05-28 15:36:44,953 - INFO - Epoch 52/200 | Train Loss: 0.260496 | Val Loss: 0.936020 | Train R2: -0.0499 | Val R2: -0.0487 | Best Val R2: 0.0254
2025-05-28 15:36:45,332 - INFO - Epoch 53/200 | Train Loss: 0.260069 | Val Loss: 0.944003 | Train R2: -0.0221 | Val R2: -0.0562 | Best Val R2: 0.0254
2025-05-28 15:36:45,798 - INFO - Epoch 54/200 | Train Loss: 0.263241 | Val Loss: 0.926863 | Train R2: -0.0489 | Val R2: -0.0236 | Best Val R2: 0.0254
2025-05-28 15:36:46,515 - INFO - Epoch 55/200 | Train Loss: 0.258879 | Val Loss: 0.916777 | Train R2: 0.0089 | Val R2: -0.0008 | Best Val R2: 0.0254
2025-05-28 15:36:47,109 - INFO - Epoch 56/200 | Train Loss: 0.259447 | Val Loss: 0.914110 | Train R2: -0.0014 | Val R2: 0.0114 | Best Val R2: 0.0254
2025-05-28 15:36:47,692 - INFO - Epoch 57/200 | Train Loss: 0.260716 | Val Loss: 0.914011 | Train R2: 0.0051 | Val R2: 0.0139 | Best Val R2: 0.0254
2025-05-28 15:36:48,310 - INFO - Epoch 58/200 | Train Loss: 0.260483 | Val Loss: 0.912785 | Train R2: -0.0156 | Val R2: 0.0139 | Best Val R2: 0.0254
2025-05-28 15:36:48,888 - INFO - Epoch 59/200 | Train Loss: 0.259983 | Val Loss: 0.911815 | Train R2: -0.0386 | Val R2: 0.0132 | Best Val R2: 0.0254
2025-05-28 15:36:49,316 - INFO - Epoch 60/200 | Train Loss: 0.259973 | Val Loss: 0.911618 | Train R2: -0.0440 | Val R2: 0.0130 | Best Val R2: 0.0254
2025-05-28 15:36:49,732 - INFO - Epoch 61/200 | Train Loss: 0.263298 | Val Loss: 0.910289 | Train R2: -0.0537 | Val R2: 0.0055 | Best Val R2: 0.0254
2025-05-28 15:36:50,132 - INFO - Epoch 62/200 | Train Loss: 0.262408 | Val Loss: 0.927732 | Train R2: -0.0117 | Val R2: -0.0353 | Best Val R2: 0.0254
2025-05-28 15:36:50,526 - INFO - Epoch 63/200 | Train Loss: 0.258263 | Val Loss: 0.933428 | Train R2: -0.0196 | Val R2: -0.0462 | Best Val R2: 0.0254
2025-05-28 15:36:50,897 - INFO - Epoch 64/200 | Train Loss: 0.261389 | Val Loss: 0.927699 | Train R2: -0.0543 | Val R2: -0.0374 | Best Val R2: 0.0254
2025-05-28 15:36:50,897 - INFO - Early stopping at epoch 64
2025-05-28 15:36:50,903 - INFO - TransformerWithPostFusion 验证集还原后指标: {'R2': 0.025368863084097693, 'MAE': 39.956882, 'MAPE': 0.13740256}
2025-05-28 15:36:50,913 - INFO - 使用 TransformerWithFixedToken 模型, hidden_dim=128, nhead=8, num_layers=3
2025-05-28 15:36:51,419 - INFO - Epoch 1/200 | Train Loss: 0.320203 | Val Loss: 1.482321 | Train R2: -0.2808 | Val R2: -0.8061 | Best Val R2: -0.8061
2025-05-28 15:36:51,879 - INFO - Epoch 2/200 | Train Loss: 0.353836 | Val Loss: 0.884427 | Train R2: -0.4153 | Val R2: 0.0180 | Best Val R2: 0.0180
2025-05-28 15:36:52,453 - INFO - Epoch 3/200 | Train Loss: 0.254324 | Val Loss: 0.915941 | Train R2: -0.0173 | Val R2: 0.0169 | Best Val R2: 0.0180
2025-05-28 15:36:52,922 - INFO - Epoch 4/200 | Train Loss: 0.256994 | Val Loss: 0.893412 | Train R2: -0.0280 | Val R2: 0.0321 | Best Val R2: 0.0321
2025-05-28 15:36:53,357 - INFO - Epoch 5/200 | Train Loss: 0.251848 | Val Loss: 0.861700 | Train R2: -0.0074 | Val R2: 0.0510 | Best Val R2: 0.0510
2025-05-28 15:36:53,782 - INFO - Epoch 6/200 | Train Loss: 0.247723 | Val Loss: 0.825541 | Train R2: 0.0091 | Val R2: 0.0583 | Best Val R2: 0.0583
2025-05-28 15:36:54,268 - INFO - Epoch 7/200 | Train Loss: 0.234621 | Val Loss: 0.819270 | Train R2: 0.0615 | Val R2: 0.0353 | Best Val R2: 0.0583
2025-05-28 15:36:54,694 - INFO - Epoch 8/200 | Train Loss: 0.236309 | Val Loss: 0.823787 | Train R2: 0.0548 | Val R2: 0.0132 | Best Val R2: 0.0583
2025-05-28 15:36:55,125 - INFO - Epoch 9/200 | Train Loss: 0.232117 | Val Loss: 0.821375 | Train R2: 0.0715 | Val R2: 0.0116 | Best Val R2: 0.0583
2025-05-28 15:36:55,559 - INFO - Epoch 10/200 | Train Loss: 0.228829 | Val Loss: 0.818847 | Train R2: 0.0847 | Val R2: 0.0142 | Best Val R2: 0.0583
2025-05-28 15:36:55,938 - INFO - Epoch 11/200 | Train Loss: 0.232324 | Val Loss: 0.756700 | Train R2: 0.0707 | Val R2: 0.1281 | Best Val R2: 0.1281
2025-05-28 15:36:56,539 - INFO - Epoch 12/200 | Train Loss: 0.215010 | Val Loss: 0.757409 | Train R2: 0.1400 | Val R2: 0.1695 | Best Val R2: 0.1695
2025-05-28 15:36:57,147 - INFO - Epoch 13/200 | Train Loss: 0.199021 | Val Loss: 0.572967 | Train R2: 0.2039 | Val R2: 0.2927 | Best Val R2: 0.2927
2025-05-28 15:36:57,719 - INFO - Epoch 14/200 | Train Loss: 0.175257 | Val Loss: 0.569901 | Train R2: 0.2990 | Val R2: 0.3018 | Best Val R2: 0.3018
2025-05-28 15:36:58,164 - INFO - Epoch 15/200 | Train Loss: 0.167277 | Val Loss: 0.604719 | Train R2: 0.3309 | Val R2: 0.3239 | Best Val R2: 0.3239
2025-05-28 15:36:58,541 - INFO - Epoch 16/200 | Train Loss: 0.165194 | Val Loss: 0.582656 | Train R2: 0.3392 | Val R2: 0.3406 | Best Val R2: 0.3406
2025-05-28 15:36:58,912 - INFO - Epoch 17/200 | Train Loss: 0.160183 | Val Loss: 0.546949 | Train R2: 0.3593 | Val R2: 0.3588 | Best Val R2: 0.3588
2025-05-28 15:36:59,342 - INFO - Epoch 18/200 | Train Loss: 0.156638 | Val Loss: 0.523042 | Train R2: 0.3734 | Val R2: 0.3676 | Best Val R2: 0.3676
2025-05-28 15:36:59,710 - INFO - Epoch 19/200 | Train Loss: 0.153575 | Val Loss: 0.513076 | Train R2: 0.3857 | Val R2: 0.3723 | Best Val R2: 0.3723
2025-05-28 15:37:00,258 - INFO - Epoch 20/200 | Train Loss: 0.146096 | Val Loss: 0.510878 | Train R2: 0.4156 | Val R2: 0.3745 | Best Val R2: 0.3745
2025-05-28 15:37:01,126 - INFO - Epoch 21/200 | Train Loss: 0.155563 | Val Loss: 0.508855 | Train R2: 0.3777 | Val R2: 0.3969 | Best Val R2: 0.3969
2025-05-28 15:37:01,956 - INFO - Epoch 22/200 | Train Loss: 0.142161 | Val Loss: 0.534463 | Train R2: 0.4314 | Val R2: 0.3557 | Best Val R2: 0.3969
2025-05-28 15:37:02,360 - INFO - Epoch 23/200 | Train Loss: 0.154353 | Val Loss: 0.533310 | Train R2: 0.3826 | Val R2: 0.3746 | Best Val R2: 0.3969
2025-05-28 15:37:02,793 - INFO - Epoch 24/200 | Train Loss: 0.145040 | Val Loss: 0.546594 | Train R2: 0.4198 | Val R2: 0.4148 | Best Val R2: 0.4148
2025-05-28 15:37:03,365 - INFO - Epoch 25/200 | Train Loss: 0.141044 | Val Loss: 0.555951 | Train R2: 0.4358 | Val R2: 0.3790 | Best Val R2: 0.4148
2025-05-28 15:37:04,139 - INFO - Epoch 26/200 | Train Loss: 0.143312 | Val Loss: 0.575676 | Train R2: 0.4268 | Val R2: 0.3448 | Best Val R2: 0.4148
2025-05-28 15:37:04,956 - INFO - Epoch 27/200 | Train Loss: 0.142737 | Val Loss: 0.545065 | Train R2: 0.4291 | Val R2: 0.3955 | Best Val R2: 0.4148
2025-05-28 15:37:05,738 - INFO - Epoch 28/200 | Train Loss: 0.135482 | Val Loss: 0.536390 | Train R2: 0.4581 | Val R2: 0.4205 | Best Val R2: 0.4205
2025-05-28 15:37:06,559 - INFO - Epoch 29/200 | Train Loss: 0.135785 | Val Loss: 0.535956 | Train R2: 0.4569 | Val R2: 0.4240 | Best Val R2: 0.4240
2025-05-28 15:37:07,272 - INFO - Epoch 30/200 | Train Loss: 0.131229 | Val Loss: 0.534047 | Train R2: 0.4751 | Val R2: 0.4251 | Best Val R2: 0.4251
2025-05-28 15:37:07,977 - INFO - Epoch 31/200 | Train Loss: 0.134811 | Val Loss: 0.510901 | Train R2: 0.4608 | Val R2: 0.4187 | Best Val R2: 0.4251
2025-05-28 15:37:08,732 - INFO - Epoch 32/200 | Train Loss: 0.128291 | Val Loss: 0.510315 | Train R2: 0.4868 | Val R2: 0.3741 | Best Val R2: 0.4251
2025-05-28 15:37:09,569 - INFO - Epoch 33/200 | Train Loss: 0.134065 | Val Loss: 0.509878 | Train R2: 0.4637 | Val R2: 0.4219 | Best Val R2: 0.4251
2025-05-28 15:37:10,426 - INFO - Epoch 34/200 | Train Loss: 0.131689 | Val Loss: 0.498750 | Train R2: 0.4732 | Val R2: 0.4386 | Best Val R2: 0.4386
2025-05-28 15:37:11,466 - INFO - Epoch 35/200 | Train Loss: 0.131266 | Val Loss: 0.485158 | Train R2: 0.4749 | Val R2: 0.4282 | Best Val R2: 0.4386
2025-05-28 15:37:12,102 - INFO - Epoch 36/200 | Train Loss: 0.128474 | Val Loss: 0.488571 | Train R2: 0.4861 | Val R2: 0.4171 | Best Val R2: 0.4386
2025-05-28 15:37:12,592 - INFO - Epoch 37/200 | Train Loss: 0.125242 | Val Loss: 0.487277 | Train R2: 0.4990 | Val R2: 0.4395 | Best Val R2: 0.4395
2025-05-28 15:37:12,973 - INFO - Epoch 38/200 | Train Loss: 0.126070 | Val Loss: 0.510673 | Train R2: 0.4957 | Val R2: 0.4388 | Best Val R2: 0.4395
2025-05-28 15:37:13,352 - INFO - Epoch 39/200 | Train Loss: 0.120159 | Val Loss: 0.517028 | Train R2: 0.5194 | Val R2: 0.4350 | Best Val R2: 0.4395
2025-05-28 15:37:13,789 - INFO - Epoch 40/200 | Train Loss: 0.119332 | Val Loss: 0.516138 | Train R2: 0.5227 | Val R2: 0.4347 | Best Val R2: 0.4395
2025-05-28 15:37:14,286 - INFO - Epoch 41/200 | Train Loss: 0.116867 | Val Loss: 0.535955 | Train R2: 0.5325 | Val R2: 0.3385 | Best Val R2: 0.4395
2025-05-28 15:37:14,839 - INFO - Epoch 42/200 | Train Loss: 0.132744 | Val Loss: 0.601587 | Train R2: 0.4690 | Val R2: 0.2283 | Best Val R2: 0.4395
2025-05-28 15:37:15,602 - INFO - Epoch 43/200 | Train Loss: 0.152064 | Val Loss: 0.538564 | Train R2: 0.3917 | Val R2: 0.3616 | Best Val R2: 0.4395
2025-05-28 15:37:16,420 - INFO - Epoch 44/200 | Train Loss: 0.126183 | Val Loss: 0.622331 | Train R2: 0.4953 | Val R2: 0.3579 | Best Val R2: 0.4395
2025-05-28 15:37:17,102 - INFO - Epoch 45/200 | Train Loss: 0.143992 | Val Loss: 0.601001 | Train R2: 0.4240 | Val R2: 0.3640 | Best Val R2: 0.4395
2025-05-28 15:37:17,849 - INFO - Epoch 46/200 | Train Loss: 0.142215 | Val Loss: 0.493683 | Train R2: 0.4311 | Val R2: 0.4318 | Best Val R2: 0.4395
2025-05-28 15:37:18,318 - INFO - Epoch 47/200 | Train Loss: 0.118980 | Val Loss: 0.461891 | Train R2: 0.5241 | Val R2: 0.4291 | Best Val R2: 0.4395
2025-05-28 15:37:18,708 - INFO - Epoch 48/200 | Train Loss: 0.121545 | Val Loss: 0.471057 | Train R2: 0.5138 | Val R2: 0.4104 | Best Val R2: 0.4395
2025-05-28 15:37:19,274 - INFO - Epoch 49/200 | Train Loss: 0.118322 | Val Loss: 0.474713 | Train R2: 0.5267 | Val R2: 0.4085 | Best Val R2: 0.4395
2025-05-28 15:37:20,021 - INFO - Epoch 50/200 | Train Loss: 0.124343 | Val Loss: 0.475294 | Train R2: 0.5026 | Val R2: 0.4088 | Best Val R2: 0.4395
2025-05-28 15:37:20,498 - INFO - Epoch 51/200 | Train Loss: 0.121195 | Val Loss: 0.531273 | Train R2: 0.5152 | Val R2: 0.4131 | Best Val R2: 0.4395
2025-05-28 15:37:21,232 - INFO - Epoch 52/200 | Train Loss: 0.125781 | Val Loss: 0.646832 | Train R2: 0.4969 | Val R2: 0.3417 | Best Val R2: 0.4395
2025-05-28 15:37:22,031 - INFO - Epoch 53/200 | Train Loss: 0.136785 | Val Loss: 0.681782 | Train R2: 0.4529 | Val R2: 0.2701 | Best Val R2: 0.4395
2025-05-28 15:37:22,902 - INFO - Epoch 54/200 | Train Loss: 0.137662 | Val Loss: 0.710788 | Train R2: 0.4494 | Val R2: 0.2373 | Best Val R2: 0.4395
2025-05-28 15:37:23,714 - INFO - Epoch 55/200 | Train Loss: 0.127881 | Val Loss: 0.665844 | Train R2: 0.4885 | Val R2: 0.3276 | Best Val R2: 0.4395
2025-05-28 15:37:24,453 - INFO - Epoch 56/200 | Train Loss: 0.122924 | Val Loss: 0.671730 | Train R2: 0.5083 | Val R2: 0.3269 | Best Val R2: 0.4395
2025-05-28 15:37:24,926 - INFO - Epoch 57/200 | Train Loss: 0.114829 | Val Loss: 0.651232 | Train R2: 0.5407 | Val R2: 0.3247 | Best Val R2: 0.4395
2025-05-28 15:37:25,473 - INFO - Epoch 58/200 | Train Loss: 0.116653 | Val Loss: 0.631496 | Train R2: 0.5334 | Val R2: 0.3236 | Best Val R2: 0.4395
2025-05-28 15:37:26,262 - INFO - Epoch 59/200 | Train Loss: 0.113263 | Val Loss: 0.619643 | Train R2: 0.5469 | Val R2: 0.3267 | Best Val R2: 0.4395
2025-05-28 15:37:26,903 - INFO - Epoch 60/200 | Train Loss: 0.109452 | Val Loss: 0.616044 | Train R2: 0.5622 | Val R2: 0.3283 | Best Val R2: 0.4395
2025-05-28 15:37:27,310 - INFO - Epoch 61/200 | Train Loss: 0.118939 | Val Loss: 0.562401 | Train R2: 0.5242 | Val R2: 0.3286 | Best Val R2: 0.4395
2025-05-28 15:37:28,039 - INFO - Epoch 62/200 | Train Loss: 0.117569 | Val Loss: 0.542443 | Train R2: 0.5297 | Val R2: 0.3311 | Best Val R2: 0.4395
2025-05-28 15:37:28,538 - INFO - Epoch 63/200 | Train Loss: 0.135209 | Val Loss: 0.529136 | Train R2: 0.4592 | Val R2: 0.3897 | Best Val R2: 0.4395
2025-05-28 15:37:29,132 - INFO - Epoch 64/200 | Train Loss: 0.133321 | Val Loss: 0.524539 | Train R2: 0.4667 | Val R2: 0.4239 | Best Val R2: 0.4395
2025-05-28 15:37:29,800 - INFO - Epoch 65/200 | Train Loss: 0.127839 | Val Loss: 0.504917 | Train R2: 0.4886 | Val R2: 0.4418 | Best Val R2: 0.4418
2025-05-28 15:37:30,268 - INFO - Epoch 66/200 | Train Loss: 0.113761 | Val Loss: 0.509528 | Train R2: 0.5450 | Val R2: 0.4275 | Best Val R2: 0.4418
2025-05-28 15:37:30,668 - INFO - Epoch 67/200 | Train Loss: 0.115486 | Val Loss: 0.526599 | Train R2: 0.5381 | Val R2: 0.3963 | Best Val R2: 0.4418
2025-05-28 15:37:31,233 - INFO - Epoch 68/200 | Train Loss: 0.114515 | Val Loss: 0.542034 | Train R2: 0.5419 | Val R2: 0.3760 | Best Val R2: 0.4418
2025-05-28 15:37:31,860 - INFO - Epoch 69/200 | Train Loss: 0.116803 | Val Loss: 0.548512 | Train R2: 0.5328 | Val R2: 0.3752 | Best Val R2: 0.4418
2025-05-28 15:37:32,676 - INFO - Epoch 70/200 | Train Loss: 0.111879 | Val Loss: 0.549691 | Train R2: 0.5525 | Val R2: 0.3764 | Best Val R2: 0.4418
2025-05-28 15:37:33,257 - INFO - Epoch 71/200 | Train Loss: 0.113119 | Val Loss: 0.560571 | Train R2: 0.5475 | Val R2: 0.4040 | Best Val R2: 0.4418
2025-05-28 15:37:33,915 - INFO - Epoch 72/200 | Train Loss: 0.113811 | Val Loss: 0.609242 | Train R2: 0.5448 | Val R2: 0.3822 | Best Val R2: 0.4418
2025-05-28 15:37:34,608 - INFO - Epoch 73/200 | Train Loss: 0.114817 | Val Loss: 0.626492 | Train R2: 0.5407 | Val R2: 0.3675 | Best Val R2: 0.4418
2025-05-28 15:37:35,291 - INFO - Epoch 74/200 | Train Loss: 0.110187 | Val Loss: 0.597179 | Train R2: 0.5593 | Val R2: 0.3635 | Best Val R2: 0.4418
2025-05-28 15:37:35,777 - INFO - Epoch 75/200 | Train Loss: 0.113468 | Val Loss: 0.577024 | Train R2: 0.5461 | Val R2: 0.3772 | Best Val R2: 0.4418
2025-05-28 15:37:36,347 - INFO - Epoch 76/200 | Train Loss: 0.107035 | Val Loss: 0.577166 | Train R2: 0.5719 | Val R2: 0.3836 | Best Val R2: 0.4418
2025-05-28 15:37:36,993 - INFO - Epoch 77/200 | Train Loss: 0.102772 | Val Loss: 0.580612 | Train R2: 0.5889 | Val R2: 0.3806 | Best Val R2: 0.4418
2025-05-28 15:37:37,713 - INFO - Epoch 78/200 | Train Loss: 0.106277 | Val Loss: 0.577560 | Train R2: 0.5749 | Val R2: 0.3856 | Best Val R2: 0.4418
2025-05-28 15:37:38,460 - INFO - Epoch 79/200 | Train Loss: 0.101227 | Val Loss: 0.572995 | Train R2: 0.5951 | Val R2: 0.3895 | Best Val R2: 0.4418
2025-05-28 15:37:39,126 - INFO - Epoch 80/200 | Train Loss: 0.100490 | Val Loss: 0.572073 | Train R2: 0.5980 | Val R2: 0.3909 | Best Val R2: 0.4418
2025-05-28 15:37:39,856 - INFO - Epoch 81/200 | Train Loss: 0.097820 | Val Loss: 0.573698 | Train R2: 0.6087 | Val R2: 0.4064 | Best Val R2: 0.4418
2025-05-28 15:37:40,455 - INFO - Epoch 82/200 | Train Loss: 0.102173 | Val Loss: 0.589421 | Train R2: 0.5913 | Val R2: 0.4040 | Best Val R2: 0.4418
2025-05-28 15:37:41,165 - INFO - Epoch 83/200 | Train Loss: 0.103762 | Val Loss: 0.560151 | Train R2: 0.5850 | Val R2: 0.4178 | Best Val R2: 0.4418
2025-05-28 15:37:41,839 - INFO - Epoch 84/200 | Train Loss: 0.101760 | Val Loss: 0.553755 | Train R2: 0.5930 | Val R2: 0.4200 | Best Val R2: 0.4418
2025-05-28 15:37:42,418 - INFO - Epoch 85/200 | Train Loss: 0.101196 | Val Loss: 0.529162 | Train R2: 0.5952 | Val R2: 0.4461 | Best Val R2: 0.4461
2025-05-28 15:37:42,849 - INFO - Epoch 86/200 | Train Loss: 0.095014 | Val Loss: 0.483880 | Train R2: 0.6199 | Val R2: 0.4786 | Best Val R2: 0.4786
2025-05-28 15:37:43,276 - INFO - Epoch 87/200 | Train Loss: 0.098611 | Val Loss: 0.449520 | Train R2: 0.6056 | Val R2: 0.5015 | Best Val R2: 0.5015
2025-05-28 15:37:43,676 - INFO - Epoch 88/200 | Train Loss: 0.100508 | Val Loss: 0.443060 | Train R2: 0.5980 | Val R2: 0.5105 | Best Val R2: 0.5105
2025-05-28 15:37:44,109 - INFO - Epoch 89/200 | Train Loss: 0.095649 | Val Loss: 0.445775 | Train R2: 0.6174 | Val R2: 0.5128 | Best Val R2: 0.5128
2025-05-28 15:37:44,539 - INFO - Epoch 90/200 | Train Loss: 0.092418 | Val Loss: 0.447673 | Train R2: 0.6303 | Val R2: 0.5122 | Best Val R2: 0.5128
2025-05-28 15:37:44,968 - INFO - Epoch 91/200 | Train Loss: 0.095579 | Val Loss: 0.580101 | Train R2: 0.6177 | Val R2: 0.3779 | Best Val R2: 0.5128
2025-05-28 15:37:45,401 - INFO - Epoch 92/200 | Train Loss: 0.112953 | Val Loss: 0.684336 | Train R2: 0.5482 | Val R2: 0.2586 | Best Val R2: 0.5128
2025-05-28 15:37:46,088 - INFO - Epoch 93/200 | Train Loss: 0.123277 | Val Loss: 0.534011 | Train R2: 0.5069 | Val R2: 0.3782 | Best Val R2: 0.5128
2025-05-28 15:37:46,670 - INFO - Epoch 94/200 | Train Loss: 0.110119 | Val Loss: 0.488898 | Train R2: 0.5595 | Val R2: 0.4105 | Best Val R2: 0.5128
2025-05-28 15:37:47,260 - INFO - Epoch 95/200 | Train Loss: 0.110357 | Val Loss: 0.484795 | Train R2: 0.5586 | Val R2: 0.4214 | Best Val R2: 0.5128
2025-05-28 15:37:47,989 - INFO - Epoch 96/200 | Train Loss: 0.108059 | Val Loss: 0.488188 | Train R2: 0.5678 | Val R2: 0.4255 | Best Val R2: 0.5128
2025-05-28 15:37:48,778 - INFO - Epoch 97/200 | Train Loss: 0.107925 | Val Loss: 0.497983 | Train R2: 0.5683 | Val R2: 0.4301 | Best Val R2: 0.5128
2025-05-28 15:37:49,347 - INFO - Epoch 98/200 | Train Loss: 0.099495 | Val Loss: 0.511251 | Train R2: 0.6020 | Val R2: 0.4235 | Best Val R2: 0.5128
2025-05-28 15:37:49,804 - INFO - Epoch 99/200 | Train Loss: 0.096571 | Val Loss: 0.519135 | Train R2: 0.6137 | Val R2: 0.4181 | Best Val R2: 0.5128
2025-05-28 15:37:50,254 - INFO - Epoch 100/200 | Train Loss: 0.097294 | Val Loss: 0.520255 | Train R2: 0.6108 | Val R2: 0.4175 | Best Val R2: 0.5128
2025-05-28 15:37:50,739 - INFO - Epoch 101/200 | Train Loss: 0.093208 | Val Loss: 0.536071 | Train R2: 0.6272 | Val R2: 0.4037 | Best Val R2: 0.5128
2025-05-28 15:37:51,192 - INFO - Epoch 102/200 | Train Loss: 0.096455 | Val Loss: 0.573656 | Train R2: 0.6142 | Val R2: 0.3847 | Best Val R2: 0.5128
2025-05-28 15:37:51,776 - INFO - Epoch 103/200 | Train Loss: 0.101369 | Val Loss: 0.623412 | Train R2: 0.5945 | Val R2: 0.3789 | Best Val R2: 0.5128
2025-05-28 15:37:52,444 - INFO - Epoch 104/200 | Train Loss: 0.100383 | Val Loss: 0.601631 | Train R2: 0.5985 | Val R2: 0.4131 | Best Val R2: 0.5128
2025-05-28 15:37:53,168 - INFO - Epoch 105/200 | Train Loss: 0.096908 | Val Loss: 0.570523 | Train R2: 0.6124 | Val R2: 0.4279 | Best Val R2: 0.5128
2025-05-28 15:37:53,607 - INFO - Epoch 106/200 | Train Loss: 0.091119 | Val Loss: 0.572737 | Train R2: 0.6355 | Val R2: 0.4042 | Best Val R2: 0.5128
2025-05-28 15:37:54,027 - INFO - Epoch 107/200 | Train Loss: 0.093632 | Val Loss: 0.564680 | Train R2: 0.6255 | Val R2: 0.4101 | Best Val R2: 0.5128
2025-05-28 15:37:54,484 - INFO - Epoch 108/200 | Train Loss: 0.094098 | Val Loss: 0.561103 | Train R2: 0.6236 | Val R2: 0.4151 | Best Val R2: 0.5128
2025-05-28 15:37:55,076 - INFO - Epoch 109/200 | Train Loss: 0.094143 | Val Loss: 0.557970 | Train R2: 0.6234 | Val R2: 0.4202 | Best Val R2: 0.5128
2025-05-28 15:37:55,610 - INFO - Epoch 110/200 | Train Loss: 0.089984 | Val Loss: 0.556410 | Train R2: 0.6401 | Val R2: 0.4224 | Best Val R2: 0.5128
2025-05-28 15:37:56,176 - INFO - Epoch 111/200 | Train Loss: 0.094436 | Val Loss: 0.516137 | Train R2: 0.6223 | Val R2: 0.4646 | Best Val R2: 0.5128
2025-05-28 15:37:56,760 - INFO - Epoch 112/200 | Train Loss: 0.092793 | Val Loss: 0.434732 | Train R2: 0.6288 | Val R2: 0.5255 | Best Val R2: 0.5255
2025-05-28 15:37:57,298 - INFO - Epoch 113/200 | Train Loss: 0.096970 | Val Loss: 0.409511 | Train R2: 0.6121 | Val R2: 0.5495 | Best Val R2: 0.5495
2025-05-28 15:37:57,860 - INFO - Epoch 114/200 | Train Loss: 0.093896 | Val Loss: 0.469679 | Train R2: 0.6244 | Val R2: 0.5186 | Best Val R2: 0.5495
2025-05-28 15:37:58,538 - INFO - Epoch 115/200 | Train Loss: 0.089757 | Val Loss: 0.520732 | Train R2: 0.6410 | Val R2: 0.4678 | Best Val R2: 0.5495
2025-05-28 15:37:59,283 - INFO - Epoch 116/200 | Train Loss: 0.094863 | Val Loss: 0.577769 | Train R2: 0.6205 | Val R2: 0.3964 | Best Val R2: 0.5495
2025-05-28 15:37:59,818 - INFO - Epoch 117/200 | Train Loss: 0.091748 | Val Loss: 0.567723 | Train R2: 0.6330 | Val R2: 0.4006 | Best Val R2: 0.5495
2025-05-28 15:38:00,389 - INFO - Epoch 118/200 | Train Loss: 0.094669 | Val Loss: 0.540331 | Train R2: 0.6213 | Val R2: 0.4236 | Best Val R2: 0.5495
2025-05-28 15:38:00,847 - INFO - Epoch 119/200 | Train Loss: 0.090862 | Val Loss: 0.523674 | Train R2: 0.6366 | Val R2: 0.4427 | Best Val R2: 0.5495
2025-05-28 15:38:01,258 - INFO - Epoch 120/200 | Train Loss: 0.085605 | Val Loss: 0.519000 | Train R2: 0.6576 | Val R2: 0.4488 | Best Val R2: 0.5495
2025-05-28 15:38:01,860 - INFO - Epoch 121/200 | Train Loss: 0.093580 | Val Loss: 0.437619 | Train R2: 0.6257 | Val R2: 0.5474 | Best Val R2: 0.5495
2025-05-28 15:38:02,547 - INFO - Epoch 122/200 | Train Loss: 0.087726 | Val Loss: 0.433034 | Train R2: 0.6491 | Val R2: 0.5545 | Best Val R2: 0.5545
2025-05-28 15:38:03,168 - INFO - Epoch 123/200 | Train Loss: 0.097590 | Val Loss: 0.417396 | Train R2: 0.6096 | Val R2: 0.5636 | Best Val R2: 0.5636
2025-05-28 15:38:03,839 - INFO - Epoch 124/200 | Train Loss: 0.094848 | Val Loss: 0.461757 | Train R2: 0.6206 | Val R2: 0.5368 | Best Val R2: 0.5636
2025-05-28 15:38:04,376 - INFO - Epoch 125/200 | Train Loss: 0.091150 | Val Loss: 0.543655 | Train R2: 0.6354 | Val R2: 0.4699 | Best Val R2: 0.5636
2025-05-28 15:38:04,934 - INFO - Epoch 126/200 | Train Loss: 0.086827 | Val Loss: 0.546320 | Train R2: 0.6527 | Val R2: 0.4574 | Best Val R2: 0.5636
2025-05-28 15:38:05,506 - INFO - Epoch 127/200 | Train Loss: 0.090463 | Val Loss: 0.525024 | Train R2: 0.6381 | Val R2: 0.4682 | Best Val R2: 0.5636
2025-05-28 15:38:06,218 - INFO - Epoch 128/200 | Train Loss: 0.089326 | Val Loss: 0.512471 | Train R2: 0.6427 | Val R2: 0.4778 | Best Val R2: 0.5636
2025-05-28 15:38:06,704 - INFO - Epoch 129/200 | Train Loss: 0.084926 | Val Loss: 0.508252 | Train R2: 0.6603 | Val R2: 0.4834 | Best Val R2: 0.5636
2025-05-28 15:38:07,128 - INFO - Epoch 130/200 | Train Loss: 0.086371 | Val Loss: 0.507171 | Train R2: 0.6545 | Val R2: 0.4848 | Best Val R2: 0.5636
2025-05-28 15:38:07,560 - INFO - Epoch 131/200 | Train Loss: 0.088422 | Val Loss: 0.533576 | Train R2: 0.6463 | Val R2: 0.4901 | Best Val R2: 0.5636
2025-05-28 15:38:08,104 - INFO - Epoch 132/200 | Train Loss: 0.092634 | Val Loss: 0.542452 | Train R2: 0.6295 | Val R2: 0.4850 | Best Val R2: 0.5636
2025-05-28 15:38:08,703 - INFO - Epoch 133/200 | Train Loss: 0.092314 | Val Loss: 0.485093 | Train R2: 0.6307 | Val R2: 0.5017 | Best Val R2: 0.5636
2025-05-28 15:38:09,328 - INFO - Epoch 134/200 | Train Loss: 0.090625 | Val Loss: 0.479593 | Train R2: 0.6375 | Val R2: 0.4899 | Best Val R2: 0.5636
2025-05-28 15:38:09,918 - INFO - Epoch 135/200 | Train Loss: 0.089418 | Val Loss: 0.482718 | Train R2: 0.6423 | Val R2: 0.4974 | Best Val R2: 0.5636
2025-05-28 15:38:10,560 - INFO - Epoch 136/200 | Train Loss: 0.091591 | Val Loss: 0.516667 | Train R2: 0.6336 | Val R2: 0.4753 | Best Val R2: 0.5636
2025-05-28 15:38:10,989 - INFO - Epoch 137/200 | Train Loss: 0.088586 | Val Loss: 0.500763 | Train R2: 0.6457 | Val R2: 0.4857 | Best Val R2: 0.5636
2025-05-28 15:38:11,460 - INFO - Epoch 138/200 | Train Loss: 0.087367 | Val Loss: 0.484129 | Train R2: 0.6505 | Val R2: 0.4962 | Best Val R2: 0.5636
2025-05-28 15:38:12,002 - INFO - Epoch 139/200 | Train Loss: 0.080339 | Val Loss: 0.478147 | Train R2: 0.6786 | Val R2: 0.4994 | Best Val R2: 0.5636
2025-05-28 15:38:12,684 - INFO - Epoch 140/200 | Train Loss: 0.083338 | Val Loss: 0.476573 | Train R2: 0.6666 | Val R2: 0.5002 | Best Val R2: 0.5636
2025-05-28 15:38:13,440 - INFO - Epoch 141/200 | Train Loss: 0.079814 | Val Loss: 0.477960 | Train R2: 0.6807 | Val R2: 0.4830 | Best Val R2: 0.5636
2025-05-28 15:38:13,903 - INFO - Epoch 142/200 | Train Loss: 0.092140 | Val Loss: 0.483836 | Train R2: 0.6314 | Val R2: 0.4859 | Best Val R2: 0.5636
2025-05-28 15:38:14,297 - INFO - Epoch 143/200 | Train Loss: 0.091153 | Val Loss: 0.522002 | Train R2: 0.6354 | Val R2: 0.4760 | Best Val R2: 0.5636
2025-05-28 15:38:14,714 - INFO - Epoch 144/200 | Train Loss: 0.083475 | Val Loss: 0.541347 | Train R2: 0.6661 | Val R2: 0.4619 | Best Val R2: 0.5636
2025-05-28 15:38:15,210 - INFO - Epoch 145/200 | Train Loss: 0.088378 | Val Loss: 0.523744 | Train R2: 0.6465 | Val R2: 0.4762 | Best Val R2: 0.5636
2025-05-28 15:38:15,625 - INFO - Epoch 146/200 | Train Loss: 0.087241 | Val Loss: 0.507489 | Train R2: 0.6510 | Val R2: 0.4856 | Best Val R2: 0.5636
2025-05-28 15:38:16,058 - INFO - Epoch 147/200 | Train Loss: 0.089337 | Val Loss: 0.494901 | Train R2: 0.6427 | Val R2: 0.4944 | Best Val R2: 0.5636
2025-05-28 15:38:16,599 - INFO - Epoch 148/200 | Train Loss: 0.083577 | Val Loss: 0.488653 | Train R2: 0.6657 | Val R2: 0.4997 | Best Val R2: 0.5636
2025-05-28 15:38:17,310 - INFO - Epoch 149/200 | Train Loss: 0.078224 | Val Loss: 0.486188 | Train R2: 0.6871 | Val R2: 0.5021 | Best Val R2: 0.5636
2025-05-28 15:38:18,025 - INFO - Epoch 150/200 | Train Loss: 0.085068 | Val Loss: 0.485697 | Train R2: 0.6597 | Val R2: 0.5025 | Best Val R2: 0.5636
2025-05-28 15:38:18,839 - INFO - Epoch 151/200 | Train Loss: 0.081656 | Val Loss: 0.469293 | Train R2: 0.6734 | Val R2: 0.5226 | Best Val R2: 0.5636
2025-05-28 15:38:19,589 - INFO - Epoch 152/200 | Train Loss: 0.084042 | Val Loss: 0.483438 | Train R2: 0.6638 | Val R2: 0.5253 | Best Val R2: 0.5636
2025-05-28 15:38:20,284 - INFO - Epoch 153/200 | Train Loss: 0.089615 | Val Loss: 0.532504 | Train R2: 0.6415 | Val R2: 0.4993 | Best Val R2: 0.5636
2025-05-28 15:38:20,284 - INFO - Early stopping at epoch 153
2025-05-28 15:38:20,289 - INFO - TransformerWithFixedToken 验证集还原后指标: {'R2': 0.5636467848535305, 'MAE': 26.715736, 'MAPE': 0.09051796}
2025-05-28 15:38:20,298 - INFO - 使用 ImprovedTransformer 模型, hidden_dim=128, nhead=8, num_layers=3
2025-05-28 15:38:21,019 - INFO - Epoch 1/200 | Train Loss: 0.290765 | Val Loss: 1.083990 | Train R2: -0.1464 | Val R2: -0.2648 | Best Val R2: -0.2648
2025-05-28 15:38:21,528 - INFO - Epoch 2/200 | Train Loss: 0.276059 | Val Loss: 0.909755 | Train R2: -0.0832 | Val R2: -0.0051 | Best Val R2: -0.0051
2025-05-28 15:38:21,952 - INFO - Epoch 3/200 | Train Loss: 0.251510 | Val Loss: 0.910047 | Train R2: -0.0031 | Val R2: -0.0151 | Best Val R2: -0.0051
2025-05-28 15:38:22,325 - INFO - Epoch 4/200 | Train Loss: 0.250764 | Val Loss: 0.919731 | Train R2: 0.0039 | Val R2: -0.0401 | Best Val R2: -0.0051
2025-05-28 15:38:22,676 - INFO - Epoch 5/200 | Train Loss: 0.251789 | Val Loss: 0.925403 | Train R2: -0.0056 | Val R2: -0.0520 | Best Val R2: -0.0051
2025-05-28 15:38:23,151 - INFO - Epoch 6/200 | Train Loss: 0.251586 | Val Loss: 0.918719 | Train R2: -0.0008 | Val R2: -0.0402 | Best Val R2: -0.0051
2025-05-28 15:38:23,577 - INFO - Epoch 7/200 | Train Loss: 0.250965 | Val Loss: 0.918595 | Train R2: -0.0059 | Val R2: -0.0399 | Best Val R2: -0.0051
2025-05-28 15:38:23,989 - INFO - Epoch 8/200 | Train Loss: 0.251303 | Val Loss: 0.915275 | Train R2: -0.0048 | Val R2: -0.0326 | Best Val R2: -0.0051
2025-05-28 15:38:24,434 - INFO - Epoch 9/200 | Train Loss: 0.250733 | Val Loss: 0.913197 | Train R2: -0.0014 | Val R2: -0.0276 | Best Val R2: -0.0051
2025-05-28 15:38:24,839 - INFO - Epoch 10/200 | Train Loss: 0.250576 | Val Loss: 0.912654 | Train R2: 0.0045 | Val R2: -0.0261 | Best Val R2: -0.0051
2025-05-28 15:38:25,426 - INFO - Epoch 11/200 | Train Loss: 0.250510 | Val Loss: 0.909176 | Train R2: 0.0012 | Val R2: -0.0111 | Best Val R2: -0.0051
2025-05-28 15:38:26,139 - INFO - Epoch 12/200 | Train Loss: 0.252025 | Val Loss: 0.910311 | Train R2: -0.0029 | Val R2: -0.0046 | Best Val R2: -0.0046
2025-05-28 15:38:26,906 - INFO - Epoch 13/200 | Train Loss: 0.252419 | Val Loss: 0.909213 | Train R2: -0.0033 | Val R2: -0.0084 | Best Val R2: -0.0046
2025-05-28 15:38:27,394 - INFO - Epoch 14/200 | Train Loss: 0.251234 | Val Loss: 0.909475 | Train R2: -0.0055 | Val R2: -0.0135 | Best Val R2: -0.0046
2025-05-28 15:38:27,766 - INFO - Epoch 15/200 | Train Loss: 0.250685 | Val Loss: 0.912712 | Train R2: 0.0025 | Val R2: -0.0246 | Best Val R2: -0.0046
2025-05-28 15:38:28,257 - INFO - Epoch 16/200 | Train Loss: 0.250372 | Val Loss: 0.920600 | Train R2: 0.0008 | Val R2: -0.0420 | Best Val R2: -0.0046
2025-05-28 15:38:28,689 - INFO - Epoch 17/200 | Train Loss: 0.250624 | Val Loss: 0.925225 | Train R2: -0.0012 | Val R2: -0.0508 | Best Val R2: -0.0046
2025-05-28 15:38:29,068 - INFO - Epoch 18/200 | Train Loss: 0.251251 | Val Loss: 0.924409 | Train R2: -0.0018 | Val R2: -0.0491 | Best Val R2: -0.0046
2025-05-28 15:38:29,745 - INFO - Epoch 19/200 | Train Loss: 0.250985 | Val Loss: 0.923858 | Train R2: -0.0028 | Val R2: -0.0479 | Best Val R2: -0.0046
2025-05-28 15:38:30,445 - INFO - Epoch 20/200 | Train Loss: 0.250939 | Val Loss: 0.923872 | Train R2: -0.0052 | Val R2: -0.0479 | Best Val R2: -0.0046
2025-05-28 15:38:31,077 - INFO - Epoch 21/200 | Train Loss: 0.250914 | Val Loss: 0.932428 | Train R2: -0.0057 | Val R2: -0.0633 | Best Val R2: -0.0046
2025-05-28 15:38:31,865 - INFO - Epoch 22/200 | Train Loss: 0.252166 | Val Loss: 0.929698 | Train R2: -0.0075 | Val R2: -0.0581 | Best Val R2: -0.0046
2025-05-28 15:38:32,437 - INFO - Epoch 23/200 | Train Loss: 0.251567 | Val Loss: 0.918944 | Train R2: -0.0086 | Val R2: -0.0380 | Best Val R2: -0.0046
2025-05-28 15:38:32,884 - INFO - Epoch 24/200 | Train Loss: 0.250651 | Val Loss: 0.911962 | Train R2: 0.0077 | Val R2: -0.0209 | Best Val R2: -0.0046
2025-05-28 15:38:33,246 - INFO - Epoch 25/200 | Train Loss: 0.250455 | Val Loss: 0.910754 | Train R2: -0.0037 | Val R2: -0.0166 | Best Val R2: -0.0046
2025-05-28 15:38:33,624 - INFO - Epoch 26/200 | Train Loss: 0.250401 | Val Loss: 0.915070 | Train R2: -0.0012 | Val R2: -0.0293 | Best Val R2: -0.0046
2025-05-28 15:38:34,352 - INFO - Epoch 27/200 | Train Loss: 0.250603 | Val Loss: 0.919334 | Train R2: 0.0029 | Val R2: -0.0388 | Best Val R2: -0.0046
2025-05-28 15:38:34,815 - INFO - Epoch 28/200 | Train Loss: 0.250739 | Val Loss: 0.916520 | Train R2: -0.0014 | Val R2: -0.0323 | Best Val R2: -0.0046
2025-05-28 15:38:35,197 - INFO - Epoch 29/200 | Train Loss: 0.250293 | Val Loss: 0.914425 | Train R2: -0.0013 | Val R2: -0.0272 | Best Val R2: -0.0046
2025-05-28 15:38:35,868 - INFO - Epoch 30/200 | Train Loss: 0.250266 | Val Loss: 0.913883 | Train R2: 0.0035 | Val R2: -0.0258 | Best Val R2: -0.0046
2025-05-28 15:38:36,560 - INFO - Epoch 31/200 | Train Loss: 0.250096 | Val Loss: 0.911276 | Train R2: 0.0043 | Val R2: -0.0180 | Best Val R2: -0.0046
2025-05-28 15:38:37,285 - INFO - Epoch 32/200 | Train Loss: 0.250444 | Val Loss: 0.909468 | Train R2: 0.0062 | Val R2: -0.0077 | Best Val R2: -0.0046
2025-05-28 15:38:38,039 - INFO - Epoch 33/200 | Train Loss: 0.250962 | Val Loss: 0.909578 | Train R2: -0.0005 | Val R2: -0.0099 | Best Val R2: -0.0046
2025-05-28 15:38:38,739 - INFO - Epoch 34/200 | Train Loss: 0.250574 | Val Loss: 0.910620 | Train R2: -0.0022 | Val R2: -0.0160 | Best Val R2: -0.0046
2025-05-28 15:38:39,503 - INFO - Epoch 35/200 | Train Loss: 0.250341 | Val Loss: 0.910836 | Train R2: -0.0001 | Val R2: -0.0168 | Best Val R2: -0.0046
2025-05-28 15:38:40,225 - INFO - Epoch 36/200 | Train Loss: 0.250568 | Val Loss: 0.911294 | Train R2: -0.0018 | Val R2: -0.0183 | Best Val R2: -0.0046
2025-05-28 15:38:41,010 - INFO - Epoch 37/200 | Train Loss: 0.250212 | Val Loss: 0.912093 | Train R2: 0.0079 | Val R2: -0.0208 | Best Val R2: -0.0046
2025-05-28 15:38:41,726 - INFO - Epoch 38/200 | Train Loss: 0.250267 | Val Loss: 0.911274 | Train R2: 0.0021 | Val R2: -0.0175 | Best Val R2: -0.0046
2025-05-28 15:38:42,382 - INFO - Epoch 39/200 | Train Loss: 0.250504 | Val Loss: 0.910722 | Train R2: 0.0009 | Val R2: -0.0143 | Best Val R2: -0.0046
2025-05-28 15:38:42,976 - INFO - Epoch 40/200 | Train Loss: 0.250472 | Val Loss: 0.910577 | Train R2: 0.0052 | Val R2: -0.0136 | Best Val R2: -0.0046
2025-05-28 15:38:43,443 - INFO - Epoch 41/200 | Train Loss: 0.250483 | Val Loss: 0.910104 | Train R2: 0.0011 | Val R2: -0.0108 | Best Val R2: -0.0046
2025-05-28 15:38:43,975 - INFO - Epoch 42/200 | Train Loss: 0.250614 | Val Loss: 0.910754 | Train R2: 0.0007 | Val R2: 0.0005 | Best Val R2: 0.0005
2025-05-28 15:38:44,613 - INFO - Epoch 43/200 | Train Loss: 0.252926 | Val Loss: 0.913642 | Train R2: -0.0059 | Val R2: 0.0035 | Best Val R2: 0.0035
2025-05-28 15:38:45,497 - INFO - Epoch 44/200 | Train Loss: 0.253649 | Val Loss: 0.910316 | Train R2: -0.0005 | Val R2: -0.0009 | Best Val R2: 0.0035
2025-05-28 15:38:46,103 - INFO - Epoch 45/200 | Train Loss: 0.251575 | Val Loss: 0.910078 | Train R2: 0.0001 | Val R2: -0.0019 | Best Val R2: 0.0035
2025-05-28 15:38:46,597 - INFO - Epoch 46/200 | Train Loss: 0.251529 | Val Loss: 0.910564 | Train R2: -0.0045 | Val R2: 0.0001 | Best Val R2: 0.0035
2025-05-28 15:38:47,141 - INFO - Epoch 47/200 | Train Loss: 0.251994 | Val Loss: 0.910761 | Train R2: -0.0005 | Val R2: 0.0008 | Best Val R2: 0.0035
2025-05-28 15:38:47,658 - INFO - Epoch 48/200 | Train Loss: 0.252177 | Val Loss: 0.910419 | Train R2: 0.0011 | Val R2: -0.0002 | Best Val R2: 0.0035
2025-05-28 15:38:48,172 - INFO - Epoch 49/200 | Train Loss: 0.251844 | Val Loss: 0.910106 | Train R2: -0.0077 | Val R2: -0.0017 | Best Val R2: 0.0035
2025-05-28 15:38:48,677 - INFO - Epoch 50/200 | Train Loss: 0.251410 | Val Loss: 0.910058 | Train R2: -0.0012 | Val R2: -0.0021 | Best Val R2: 0.0035
2025-05-28 15:38:49,184 - INFO - Epoch 51/200 | Train Loss: 0.251270 | Val Loss: 0.913891 | Train R2: -0.0021 | Val R2: -0.0208 | Best Val R2: 0.0035
2025-05-28 15:38:49,678 - INFO - Epoch 52/200 | Train Loss: 0.250235 | Val Loss: 0.925467 | Train R2: -0.0019 | Val R2: -0.0497 | Best Val R2: 0.0035
2025-05-28 15:38:50,176 - INFO - Epoch 53/200 | Train Loss: 0.251249 | Val Loss: 0.926684 | Train R2: -0.0049 | Val R2: -0.0521 | Best Val R2: 0.0035
2025-05-28 15:38:50,682 - INFO - Epoch 54/200 | Train Loss: 0.251197 | Val Loss: 0.925415 | Train R2: -0.0045 | Val R2: -0.0498 | Best Val R2: 0.0035
2025-05-28 15:38:51,262 - INFO - Epoch 55/200 | Train Loss: 0.251330 | Val Loss: 0.921435 | Train R2: -0.0013 | Val R2: -0.0424 | Best Val R2: 0.0035
2025-05-28 15:38:51,898 - INFO - Epoch 56/200 | Train Loss: 0.251068 | Val Loss: 0.915802 | Train R2: 0.0003 | Val R2: -0.0305 | Best Val R2: 0.0035
2025-05-28 15:38:52,576 - INFO - Epoch 57/200 | Train Loss: 0.250238 | Val Loss: 0.914535 | Train R2: -0.0070 | Val R2: -0.0275 | Best Val R2: 0.0035
2025-05-28 15:38:53,218 - INFO - Epoch 58/200 | Train Loss: 0.250240 | Val Loss: 0.914470 | Train R2: 0.0031 | Val R2: -0.0274 | Best Val R2: 0.0035
2025-05-28 15:38:53,918 - INFO - Epoch 59/200 | Train Loss: 0.250197 | Val Loss: 0.914889 | Train R2: -0.0034 | Val R2: -0.0284 | Best Val R2: 0.0035
2025-05-28 15:38:54,402 - INFO - Epoch 60/200 | Train Loss: 0.250191 | Val Loss: 0.915025 | Train R2: 0.0053 | Val R2: -0.0287 | Best Val R2: 0.0035
2025-05-28 15:38:54,900 - INFO - Epoch 61/200 | Train Loss: 0.250364 | Val Loss: 0.923749 | Train R2: 0.0027 | Val R2: -0.0467 | Best Val R2: 0.0035
2025-05-28 15:38:55,347 - INFO - Epoch 62/200 | Train Loss: 0.250728 | Val Loss: 0.940492 | Train R2: 0.0002 | Val R2: -0.0755 | Best Val R2: 0.0035
2025-05-28 15:38:55,818 - INFO - Epoch 63/200 | Train Loss: 0.253780 | Val Loss: 0.950094 | Train R2: -0.0199 | Val R2: -0.0907 | Best Val R2: 0.0035
2025-05-28 15:38:56,289 - INFO - Epoch 64/200 | Train Loss: 0.255290 | Val Loss: 0.939299 | Train R2: -0.0201 | Val R2: -0.0737 | Best Val R2: 0.0035
2025-05-28 15:38:56,795 - INFO - Epoch 65/200 | Train Loss: 0.253000 | Val Loss: 0.929038 | Train R2: -0.0133 | Val R2: -0.0565 | Best Val R2: 0.0035
2025-05-28 15:38:57,411 - INFO - Epoch 66/200 | Train Loss: 0.251761 | Val Loss: 0.922242 | Train R2: -0.0048 | Val R2: -0.0439 | Best Val R2: 0.0035
2025-05-28 15:38:58,076 - INFO - Epoch 67/200 | Train Loss: 0.250558 | Val Loss: 0.918217 | Train R2: -0.0041 | Val R2: -0.0356 | Best Val R2: 0.0035
2025-05-28 15:38:58,677 - INFO - Epoch 68/200 | Train Loss: 0.250434 | Val Loss: 0.916392 | Train R2: 0.0048 | Val R2: -0.0316 | Best Val R2: 0.0035
2025-05-28 15:38:59,291 - INFO - Epoch 69/200 | Train Loss: 0.250230 | Val Loss: 0.915665 | Train R2: -0.0032 | Val R2: -0.0299 | Best Val R2: 0.0035
2025-05-28 15:38:59,960 - INFO - Epoch 70/200 | Train Loss: 0.250244 | Val Loss: 0.915509 | Train R2: 0.0014 | Val R2: -0.0295 | Best Val R2: 0.0035
2025-05-28 15:39:00,397 - INFO - Epoch 71/200 | Train Loss: 0.250184 | Val Loss: 0.912946 | Train R2: 0.0040 | Val R2: -0.0230 | Best Val R2: 0.0035
2025-05-28 15:39:00,826 - INFO - Epoch 72/200 | Train Loss: 0.249951 | Val Loss: 0.910479 | Train R2: 0.0023 | Val R2: -0.0148 | Best Val R2: 0.0035
2025-05-28 15:39:01,260 - INFO - Epoch 73/200 | Train Loss: 0.250846 | Val Loss: 0.909852 | Train R2: -0.0030 | Val R2: -0.0108 | Best Val R2: 0.0035
2025-05-28 15:39:01,260 - INFO - Early stopping at epoch 73
2025-05-28 15:39:01,268 - INFO - ImprovedTransformer 验证集还原后指标: {'R2': 0.0035406347846458353, 'MAE': 39.918938, 'MAPE': 0.13817187}
2025-05-28 15:39:01,268 - INFO - 最优模型: TransformerWithFixedToken, 验证集指标: {'R2': 0.5636467848535305, 'MAE': 26.715736, 'MAPE': 0.09051796}
2025-05-28 15:39:01,268 - INFO - 程序执行完成
