2025-05-28 11:53:14,813 - INFO - Using device: cpu
2025-05-28 11:53:14,869 - INFO - 数据加载成功
2025-05-28 11:53:14,869 - INFO - BirdsVariety 标准化前: ['Cobb', 'SZ901Plus', 'SZ901PLUS', 'SZ901/\nSZ901PLUS', 'SZ901', 'SZ901Plus/SZ901', 'Cobb500', 'SZ901plus', 'SZ901\nSZ901plus', 'SZ901 PIUS', 'SZ901\nSZ901Plus', 'Cobb 500', '901.0', 'SZ901/901plus', '901plus', 'CObb', 'cobb', 'SZ901 Plus', 'SZ901 PLUS', '901Plus']
2025-05-28 11:53:14,869 - INFO - BirdsVariety 标准化后: ['Cobb', 'SZ901 Plus']
2025-05-28 11:53:14,869 - INFO - BirdsVariety 编码: {'Cobb': 0, 'SZ901 Plus': 1}
2025-05-28 11:53:14,876 - INFO - FarmSupervisor 编码: {'丁家宝': 0, '余涛': 1, '公赔河': 2, '刘乾乾': 3, '史成志': 4, '姚闯': 5, '张换吉': 6, '张明明': 7, '张玉风': 8, '戈兆康': 9, '李明': 10, '李芳昌': 11, '李荣': 12, '李豪': 13, '杨健健': 14, '杨文杰': 15, '王勇': 16, '王志远': 17, '罗冲': 18, '薄明龙': 19, '陈智': 20, '陈铁楠': 21, '高阳阳': 22}
2025-05-28 11:53:14,933 - INFO - 训练集大小: 323, 批次数量: 6
2025-05-28 11:53:14,933 - INFO - 验证集大小: 81, 批次数量: 2
2025-05-28 11:53:14,963 - INFO - 使用 TransformerWithPostFusion 模型, hidden_dim=256, nhead=8, num_layers=8
2025-05-28 11:53:14,963 - INFO - Training a new model...
2025-05-28 11:53:19,569 - INFO - Epoch 1: New best model saved with val_loss: 0.997951, R2: -0.0601
2025-05-28 11:53:19,569 - INFO - Epoch 1/200 - Train Loss: 1.020900 - Val Loss: 0.997951 - R2: -0.0601 - LR: 1.00e-04 - Best Val Loss: 0.997951
2025-05-28 11:53:22,439 - INFO - Epoch 2: New best model saved with val_loss: 0.978862, R2: -0.0320
2025-05-28 11:53:22,439 - INFO - Epoch 2/200 - Train Loss: 1.016719 - Val Loss: 0.978862 - R2: -0.0320 - LR: 2.00e-04 - Best Val Loss: 0.978862
2025-05-28 11:53:24,710 - INFO - Epoch 3/200 - Train Loss: 1.013320 - Val Loss: 0.991610 - R2: -0.0437 - LR: 3.00e-04 - Best Val Loss: 0.978862
2025-05-28 11:53:27,499 - INFO - Epoch 4/200 - Train Loss: 1.010866 - Val Loss: 0.996084 - R2: -0.0499 - LR: 4.00e-04 - Best Val Loss: 0.978862
2025-05-28 11:53:29,753 - INFO - Epoch 5/200 - Train Loss: 1.010647 - Val Loss: 0.996845 - R2: -0.0518 - LR: 5.00e-04 - Best Val Loss: 0.978862
2025-05-28 11:53:32,445 - INFO - Epoch 6/200 - Train Loss: 1.011362 - Val Loss: 0.983283 - R2: -0.0287 - LR: 6.00e-04 - Best Val Loss: 0.978862
2025-05-28 11:53:34,949 - INFO - Epoch 7/200 - Train Loss: 1.014372 - Val Loss: 0.987877 - R2: -0.0276 - LR: 7.00e-04 - Best Val Loss: 0.978862
2025-05-28 11:53:37,896 - INFO - Epoch 8: New best model saved with val_loss: 0.964385, R2: -0.0008
2025-05-28 11:53:37,896 - INFO - Epoch 8/200 - Train Loss: 1.008989 - Val Loss: 0.964385 - R2: -0.0008 - LR: 8.00e-04 - Best Val Loss: 0.964385
2025-05-28 11:53:40,570 - INFO - Epoch 9/200 - Train Loss: 1.012777 - Val Loss: 0.979716 - R2: -0.0223 - LR: 9.00e-04 - Best Val Loss: 0.964385
2025-05-28 11:53:43,580 - INFO - Epoch 10/200 - Train Loss: 1.013313 - Val Loss: 0.985928 - R2: -0.0337 - LR: 1.00e-03 - Best Val Loss: 0.964385
2025-05-28 11:53:46,161 - INFO - Epoch 11: New best model saved with val_loss: 0.962609, R2: -0.0145
2025-05-28 11:53:46,161 - INFO - Epoch 11/200 - Train Loss: 1.008220 - Val Loss: 0.962609 - R2: -0.0145 - LR: 1.00e-03 - Best Val Loss: 0.962609
2025-05-28 11:53:49,234 - INFO - Epoch 12/200 - Train Loss: 1.052972 - Val Loss: 0.967656 - R2: -0.0114 - LR: 1.00e-03 - Best Val Loss: 0.962609
2025-05-28 11:53:51,680 - INFO - Epoch 13/200 - Train Loss: 1.012501 - Val Loss: 1.010822 - R2: -0.0533 - LR: 1.00e-03 - Best Val Loss: 0.962609
2025-05-28 11:53:54,190 - INFO - Epoch 14/200 - Train Loss: 1.012918 - Val Loss: 0.980395 - R2: -0.0247 - LR: 1.00e-03 - Best Val Loss: 0.962609
2025-05-28 11:53:56,376 - INFO - Epoch 15/200 - Train Loss: 1.008245 - Val Loss: 0.973089 - R2: -0.0158 - LR: 1.00e-03 - Best Val Loss: 0.962609
2025-05-28 11:53:59,091 - INFO - Epoch 16/200 - Train Loss: 1.007204 - Val Loss: 0.977166 - R2: -0.0210 - LR: 1.00e-03 - Best Val Loss: 0.962609
2025-05-28 11:54:02,002 - INFO - Epoch 17/200 - Train Loss: 1.007411 - Val Loss: 0.985327 - R2: -0.0281 - LR: 1.00e-03 - Best Val Loss: 0.962609
2025-05-28 11:54:04,730 - INFO - Epoch 18/200 - Train Loss: 1.007622 - Val Loss: 0.987361 - R2: -0.0309 - LR: 1.00e-03 - Best Val Loss: 0.962609
2025-05-28 11:54:07,710 - INFO - Epoch 19/200 - Train Loss: 1.007896 - Val Loss: 0.986107 - R2: -0.0326 - LR: 1.00e-03 - Best Val Loss: 0.962609
2025-05-28 11:54:10,533 - INFO - Epoch 20/200 - Train Loss: 1.007185 - Val Loss: 0.977246 - R2: -0.0261 - LR: 1.00e-03 - Best Val Loss: 0.962609
2025-05-28 11:54:13,118 - INFO - Epoch 21/200 - Train Loss: 1.008977 - Val Loss: 0.982731 - R2: -0.0306 - LR: 1.00e-03 - Best Val Loss: 0.962609
2025-05-28 11:54:16,140 - INFO - Epoch 22/200 - Train Loss: 1.008116 - Val Loss: 0.986049 - R2: -0.0317 - LR: 1.00e-03 - Best Val Loss: 0.962609
2025-05-28 11:54:18,613 - INFO - Epoch 23/200 - Train Loss: 1.007878 - Val Loss: 0.987573 - R2: -0.0321 - LR: 1.00e-03 - Best Val Loss: 0.962609
2025-05-28 11:54:21,430 - INFO - Epoch 24/200 - Train Loss: 1.007573 - Val Loss: 0.981284 - R2: -0.0257 - LR: 1.00e-03 - Best Val Loss: 0.962609
2025-05-28 11:54:23,777 - INFO - Epoch 25/200 - Train Loss: 1.007630 - Val Loss: 0.975724 - R2: -0.0193 - LR: 1.00e-03 - Best Val Loss: 0.962609
2025-05-28 11:54:26,592 - INFO - Epoch 26/200 - Train Loss: 1.006644 - Val Loss: 0.981567 - R2: -0.0225 - LR: 1.00e-03 - Best Val Loss: 0.962609
2025-05-28 11:54:29,521 - INFO - Epoch 27/200 - Train Loss: 1.008237 - Val Loss: 0.979748 - R2: -0.0193 - LR: 1.00e-03 - Best Val Loss: 0.962609
2025-05-28 11:54:32,366 - INFO - Epoch 28/200 - Train Loss: 1.006761 - Val Loss: 0.986879 - R2: -0.0243 - LR: 1.00e-03 - Best Val Loss: 0.962609
2025-05-28 11:54:35,289 - INFO - Epoch 29/200 - Train Loss: 1.007746 - Val Loss: 0.994434 - R2: -0.0294 - LR: 1.00e-03 - Best Val Loss: 0.962609
2025-05-28 11:54:38,324 - INFO - Epoch 30/200 - Train Loss: 1.010851 - Val Loss: 0.998704 - R2: -0.0317 - LR: 1.00e-03 - Best Val Loss: 0.962609
2025-05-28 11:54:41,327 - INFO - Epoch 31/200 - Train Loss: 1.010043 - Val Loss: 0.989393 - R2: -0.0264 - LR: 1.00e-03 - Best Val Loss: 0.962609
2025-05-28 11:54:44,318 - INFO - Epoch 32/200 - Train Loss: 1.007888 - Val Loss: 0.985030 - R2: -0.0253 - LR: 1.00e-03 - Best Val Loss: 0.962609
2025-05-28 11:54:47,211 - INFO - Epoch 33/200 - Train Loss: 1.007259 - Val Loss: 0.978322 - R2: -0.0219 - LR: 1.00e-03 - Best Val Loss: 0.962609
2025-05-28 11:54:50,131 - INFO - Epoch 34/200 - Train Loss: 1.006961 - Val Loss: 0.976785 - R2: -0.0207 - LR: 1.00e-03 - Best Val Loss: 0.962609
2025-05-28 11:54:53,039 - INFO - Epoch 35/200 - Train Loss: 1.007686 - Val Loss: 0.974504 - R2: -0.0185 - LR: 1.00e-03 - Best Val Loss: 0.962609
2025-05-28 11:54:55,905 - INFO - Epoch 36/200 - Train Loss: 1.006906 - Val Loss: 0.972324 - R2: -0.0148 - LR: 1.00e-03 - Best Val Loss: 0.962609
2025-05-28 11:54:58,739 - INFO - Epoch 37/200 - Train Loss: 1.007429 - Val Loss: 0.970518 - R2: -0.0113 - LR: 1.00e-03 - Best Val Loss: 0.962609
2025-05-28 11:55:01,619 - INFO - Epoch 38/200 - Train Loss: 1.007479 - Val Loss: 0.976773 - R2: -0.0194 - LR: 1.00e-03 - Best Val Loss: 0.962609
2025-05-28 11:55:04,631 - INFO - Epoch 39/200 - Train Loss: 1.007109 - Val Loss: 0.975349 - R2: -0.0186 - LR: 1.00e-03 - Best Val Loss: 0.962609
2025-05-28 11:55:07,485 - INFO - Epoch 40/200 - Train Loss: 1.007594 - Val Loss: 0.982788 - R2: -0.0254 - LR: 1.00e-03 - Best Val Loss: 0.962609
2025-05-28 11:55:10,397 - INFO - Epoch 41/200 - Train Loss: 1.006931 - Val Loss: 0.988080 - R2: -0.0299 - LR: 1.00e-03 - Best Val Loss: 0.962609
2025-05-28 11:55:10,398 - INFO - Early stopping triggered at epoch 41
2025-05-28 11:55:10,998 - INFO - True vs Predicted plot saved to visualizations\true_vs_pred.png
2025-05-28 11:55:10,998 - INFO - Starting model interpretability analysis...
2025-05-28 11:55:10,998 - INFO - 开始模型可解释性分析...
2025-05-28 11:55:16,837 - INFO - Saved attention weights visualization to visualizations\attention_weights_sample_0.png
2025-05-28 11:55:22,397 - INFO - Saved attention weights visualization to visualizations\attention_weights_sample_1.png
2025-05-28 11:55:28,165 - INFO - Saved attention weights visualization to visualizations\attention_weights_sample_2.png
2025-05-28 11:55:30,515 - INFO - Saved attention visualization for sequence 0 to visualizations/attention_sequence_0.png
2025-05-28 11:55:32,252 - INFO - Saved attention visualization for sequence 1 to visualizations/attention_sequence_1.png
2025-05-28 11:55:34,377 - INFO - Saved attention visualization for sequence 2 to visualizations/attention_sequence_2.png
2025-05-28 11:55:34,788 - WARNING - No Grad-CAM data available
2025-05-28 11:55:34,788 - INFO - 模型可解释性分析完成
2025-05-28 11:55:34,788 - INFO - Model interpretability analysis completed.
